Component: ARM Compiler 6.14 Tool: armlink [5db06800]

==============================================================================

Section Cross References

    system_nuc100series.o(.text.SystemCoreClockUpdate) refers to aeabi_sdiv.o(.text) for __aeabi_uidiv
    system_nuc100series.o(.text.SystemCoreClockUpdate) refers to system_nuc100series.o(.data..L_MergedGlobals) for [Anonymous Symbol]
    system_nuc100series.o(.ARM.exidx.text.SystemCoreClockUpdate) refers to system_nuc100series.o(.text.SystemCoreClockUpdate) for [Anonymous Symbol]
    system_nuc100series.o(.ARM.exidx.text.SystemInit) refers to system_nuc100series.o(.text.SystemInit) for [Anonymous Symbol]
    startup_nuc100series.o(STACK) refers (Special) to heapauxi.o(.text) for __use_two_region_memory
    startup_nuc100series.o(HEAP) refers (Special) to heapauxi.o(.text) for __use_two_region_memory
    startup_nuc100series.o(RESET) refers (Special) to heapauxi.o(.text) for __use_two_region_memory
    startup_nuc100series.o(RESET) refers to startup_nuc100series.o(STACK) for __initial_sp
    startup_nuc100series.o(RESET) refers to startup_nuc100series.o(.text) for Reset_Handler
    startup_nuc100series.o(.text) refers (Special) to heapauxi.o(.text) for __use_two_region_memory
    startup_nuc100series.o(.text) refers to system_nuc100series.o(.text.SystemInit) for SystemInit
    startup_nuc100series.o(.text) refers to __main.o(!!!main) for __main
    startup_nuc100series.o(.text) refers to startup_nuc100series.o(HEAP) for Heap_Mem
    startup_nuc100series.o(.text) refers to startup_nuc100series.o(STACK) for Stack_Mem
    sys_init.o(.text.SYS_Init) refers to clk.o(.text.CLK_EnableXtalRC) for CLK_EnableXtalRC
    sys_init.o(.text.SYS_Init) refers to clk.o(.text.CLK_WaitClockReady) for CLK_WaitClockReady
    sys_init.o(.text.SYS_Init) refers to clk.o(.text.CLK_SetCoreClock) for CLK_SetCoreClock
    sys_init.o(.ARM.exidx.text.SYS_Init) refers to sys_init.o(.text.SYS_Init) for [Anonymous Symbol]
    gpio.o(.ARM.exidx.text.GPIO_SetMode) refers to gpio.o(.text.GPIO_SetMode) for [Anonymous Symbol]
    gpio.o(.ARM.exidx.text.GPIO_EnableInt) refers to gpio.o(.text.GPIO_EnableInt) for [Anonymous Symbol]
    gpio.o(.ARM.exidx.text.GPIO_DisableInt) refers to gpio.o(.text.GPIO_DisableInt) for [Anonymous Symbol]
    sys.o(.ARM.exidx.text.SYS_ClearResetSrc) refers to sys.o(.text.SYS_ClearResetSrc) for [Anonymous Symbol]
    sys.o(.ARM.exidx.text.SYS_GetBODStatus) refers to sys.o(.text.SYS_GetBODStatus) for [Anonymous Symbol]
    sys.o(.ARM.exidx.text.SYS_GetResetSrc) refers to sys.o(.text.SYS_GetResetSrc) for [Anonymous Symbol]
    sys.o(.ARM.exidx.text.SYS_IsRegLocked) refers to sys.o(.text.SYS_IsRegLocked) for [Anonymous Symbol]
    sys.o(.ARM.exidx.text.SYS_ReadPDID) refers to sys.o(.text.SYS_ReadPDID) for [Anonymous Symbol]
    sys.o(.ARM.exidx.text.SYS_ResetChip) refers to sys.o(.text.SYS_ResetChip) for [Anonymous Symbol]
    sys.o(.ARM.exidx.text.SYS_ResetCPU) refers to sys.o(.text.SYS_ResetCPU) for [Anonymous Symbol]
    sys.o(.ARM.exidx.text.SYS_ResetModule) refers to sys.o(.text.SYS_ResetModule) for [Anonymous Symbol]
    sys.o(.ARM.exidx.text.SYS_EnableBOD) refers to sys.o(.text.SYS_EnableBOD) for [Anonymous Symbol]
    sys.o(.ARM.exidx.text.SYS_DisableBOD) refers to sys.o(.text.SYS_DisableBOD) for [Anonymous Symbol]
    clk.o(.ARM.exidx.text.CLK_DisableCKO) refers to clk.o(.text.CLK_DisableCKO) for [Anonymous Symbol]
    clk.o(.text.CLK_DisableModuleClock) refers to clk.o(.rodata.cst16) for .L__const.CLK_DisableModuleClock.u32OffsetTbl
    clk.o(.ARM.exidx.text.CLK_DisableModuleClock) refers to clk.o(.text.CLK_DisableModuleClock) for [Anonymous Symbol]
    clk.o(.ARM.exidx.text.CLK_EnableCKO) refers to clk.o(.text.CLK_EnableCKO) for [Anonymous Symbol]
    clk.o(.text.CLK_EnableModuleClock) refers to clk.o(.rodata.cst16) for .L__const.CLK_DisableModuleClock.u32OffsetTbl
    clk.o(.ARM.exidx.text.CLK_EnableModuleClock) refers to clk.o(.text.CLK_EnableModuleClock) for [Anonymous Symbol]
    clk.o(.ARM.exidx.text.CLK_SetModuleClock) refers to clk.o(.text.CLK_SetModuleClock) for [Anonymous Symbol]
    clk.o(.ARM.exidx.text.CLK_PowerDown) refers to clk.o(.text.CLK_PowerDown) for [Anonymous Symbol]
    clk.o(.ARM.exidx.text.CLK_Idle) refers to clk.o(.text.CLK_Idle) for [Anonymous Symbol]
    clk.o(.ARM.exidx.text.CLK_GetHXTFreq) refers to clk.o(.text.CLK_GetHXTFreq) for [Anonymous Symbol]
    clk.o(.ARM.exidx.text.CLK_GetLXTFreq) refers to clk.o(.text.CLK_GetLXTFreq) for [Anonymous Symbol]
    clk.o(.text.CLK_GetHCLKFreq) refers to system_nuc100series.o(.text.SystemCoreClockUpdate) for SystemCoreClockUpdate
    clk.o(.text.CLK_GetHCLKFreq) refers to system_nuc100series.o(.data..L_MergedGlobals) for SystemCoreClock
    clk.o(.ARM.exidx.text.CLK_GetHCLKFreq) refers to clk.o(.text.CLK_GetHCLKFreq) for [Anonymous Symbol]
    clk.o(.text.CLK_GetPCLKFreq) refers to system_nuc100series.o(.text.SystemCoreClockUpdate) for SystemCoreClockUpdate
    clk.o(.text.CLK_GetPCLKFreq) refers to system_nuc100series.o(.data..L_MergedGlobals) for SystemCoreClock
    clk.o(.ARM.exidx.text.CLK_GetPCLKFreq) refers to clk.o(.text.CLK_GetPCLKFreq) for [Anonymous Symbol]
    clk.o(.text.CLK_GetCPUFreq) refers to system_nuc100series.o(.text.SystemCoreClockUpdate) for SystemCoreClockUpdate
    clk.o(.text.CLK_GetCPUFreq) refers to system_nuc100series.o(.data..L_MergedGlobals) for SystemCoreClock
    clk.o(.ARM.exidx.text.CLK_GetCPUFreq) refers to clk.o(.text.CLK_GetCPUFreq) for [Anonymous Symbol]
    clk.o(.text.CLK_SetCoreClock) refers to clk.o(.text.CLK_EnablePLL) for CLK_EnablePLL
    clk.o(.text.CLK_SetCoreClock) refers to clk.o(.text.CLK_SetHCLK) for CLK_SetHCLK
    clk.o(.ARM.exidx.text.CLK_SetCoreClock) refers to clk.o(.text.CLK_SetCoreClock) for [Anonymous Symbol]
    clk.o(.text.CLK_EnablePLL) refers to clk.o(.text.CLK_WaitClockReady) for CLK_WaitClockReady
    clk.o(.text.CLK_EnablePLL) refers to aeabi_sdiv.o(.text) for __aeabi_uidiv
    clk.o(.ARM.exidx.text.CLK_EnablePLL) refers to clk.o(.text.CLK_EnablePLL) for [Anonymous Symbol]
    clk.o(.text.CLK_SetHCLK) refers to system_nuc100series.o(.text.SystemCoreClockUpdate) for SystemCoreClockUpdate
    clk.o(.ARM.exidx.text.CLK_SetHCLK) refers to clk.o(.text.CLK_SetHCLK) for [Anonymous Symbol]
    clk.o(.ARM.exidx.text.CLK_SetSysTickClockSrc) refers to clk.o(.text.CLK_SetSysTickClockSrc) for [Anonymous Symbol]
    clk.o(.ARM.exidx.text.CLK_EnableXtalRC) refers to clk.o(.text.CLK_EnableXtalRC) for [Anonymous Symbol]
    clk.o(.ARM.exidx.text.CLK_DisableXtalRC) refers to clk.o(.text.CLK_DisableXtalRC) for [Anonymous Symbol]
    clk.o(.ARM.exidx.text.CLK_WaitClockReady) refers to clk.o(.text.CLK_WaitClockReady) for [Anonymous Symbol]
    clk.o(.ARM.exidx.text.CLK_DisablePLL) refers to clk.o(.text.CLK_DisablePLL) for [Anonymous Symbol]
    spi.o(.text.SPI_Open) refers to clk.o(.text.CLK_GetHCLKFreq) for CLK_GetHCLKFreq
    spi.o(.text.SPI_Open) refers to spi.o(.text.CLK_GetPLLClockFreq) for CLK_GetPLLClockFreq
    spi.o(.text.SPI_Open) refers to aeabi_sdiv.o(.text) for __aeabi_uidiv
    spi.o(.ARM.exidx.text.SPI_Open) refers to spi.o(.text.SPI_Open) for [Anonymous Symbol]
    spi.o(.text.CLK_GetPLLClockFreq) refers to aeabi_sdiv.o(.text) for __aeabi_uidiv
    spi.o(.ARM.exidx.text.CLK_GetPLLClockFreq) refers to spi.o(.text.CLK_GetPLLClockFreq) for [Anonymous Symbol]
    spi.o(.ARM.exidx.text.SPI_Close) refers to spi.o(.text.SPI_Close) for [Anonymous Symbol]
    spi.o(.ARM.exidx.text.SPI_ClearRxFIFO) refers to spi.o(.text.SPI_ClearRxFIFO) for [Anonymous Symbol]
    spi.o(.ARM.exidx.text.SPI_ClearTxFIFO) refers to spi.o(.text.SPI_ClearTxFIFO) for [Anonymous Symbol]
    spi.o(.ARM.exidx.text.SPI_DisableAutoSS) refers to spi.o(.text.SPI_DisableAutoSS) for [Anonymous Symbol]
    spi.o(.ARM.exidx.text.SPI_EnableAutoSS) refers to spi.o(.text.SPI_EnableAutoSS) for [Anonymous Symbol]
    spi.o(.text.SPI_SetBusClock) refers to clk.o(.text.CLK_GetHCLKFreq) for CLK_GetHCLKFreq
    spi.o(.text.SPI_SetBusClock) refers to spi.o(.text.CLK_GetPLLClockFreq) for CLK_GetPLLClockFreq
    spi.o(.text.SPI_SetBusClock) refers to aeabi_sdiv.o(.text) for __aeabi_uidiv
    spi.o(.ARM.exidx.text.SPI_SetBusClock) refers to spi.o(.text.SPI_SetBusClock) for [Anonymous Symbol]
    spi.o(.ARM.exidx.text.SPI_EnableFIFO) refers to spi.o(.text.SPI_EnableFIFO) for [Anonymous Symbol]
    spi.o(.ARM.exidx.text.SPI_DisableFIFO) refers to spi.o(.text.SPI_DisableFIFO) for [Anonymous Symbol]
    spi.o(.text.SPI_GetBusClock) refers to spi.o(.text.CLK_GetPLLClockFreq) for CLK_GetPLLClockFreq
    spi.o(.text.SPI_GetBusClock) refers to clk.o(.text.CLK_GetHCLKFreq) for CLK_GetHCLKFreq
    spi.o(.text.SPI_GetBusClock) refers to aeabi_sdiv.o(.text) for __aeabi_uidiv
    spi.o(.ARM.exidx.text.SPI_GetBusClock) refers to spi.o(.text.SPI_GetBusClock) for [Anonymous Symbol]
    spi.o(.ARM.exidx.text.SPI_EnableInt) refers to spi.o(.text.SPI_EnableInt) for [Anonymous Symbol]
    spi.o(.ARM.exidx.text.SPI_DisableInt) refers to spi.o(.text.SPI_DisableInt) for [Anonymous Symbol]
    spi.o(.ARM.exidx.text.SPI_GetIntFlag) refers to spi.o(.text.SPI_GetIntFlag) for [Anonymous Symbol]
    spi.o(.ARM.exidx.text.SPI_ClearIntFlag) refers to spi.o(.text.SPI_ClearIntFlag) for [Anonymous Symbol]
    spi.o(.ARM.exidx.text.SPI_GetStatus) refers to spi.o(.text.SPI_GetStatus) for [Anonymous Symbol]
    lcd.o(.text.init_SPI3) refers to spi.o(.text.SPI_Open) for SPI_Open
    lcd.o(.text.init_SPI3) refers to spi.o(.text.SPI_DisableAutoSS) for SPI_DisableAutoSS
    lcd.o(.ARM.exidx.text.init_SPI3) refers to lcd.o(.text.init_SPI3) for [Anonymous Symbol]
    lcd.o(.ARM.exidx.text.lcdWriteCommand) refers to lcd.o(.text.lcdWriteCommand) for [Anonymous Symbol]
    lcd.o(.ARM.exidx.text.lcdWriteData) refers to lcd.o(.text.lcdWriteData) for [Anonymous Symbol]
    lcd.o(.ARM.exidx.text.lcdSetAddr) refers to lcd.o(.text.lcdSetAddr) for [Anonymous Symbol]
    lcd.o(.text.init_LCD) refers to lcd.o(.text.init_SPI3) for init_SPI3
    lcd.o(.text.init_LCD) refers to lcd.o(.text.lcdWriteCommand) for lcdWriteCommand
    lcd.o(.ARM.exidx.text.init_LCD) refers to lcd.o(.text.init_LCD) for [Anonymous Symbol]
    lcd.o(.text.clear_LCD) refers to lcd.o(.text.lcdSetAddr) for lcdSetAddr
    lcd.o(.text.clear_LCD) refers to lcd.o(.text.lcdWriteData) for lcdWriteData
    lcd.o(.text.clear_LCD) refers to lcd.o(.bss.DisplayBuffer) for DisplayBuffer
    lcd.o(.ARM.exidx.text.clear_LCD) refers to lcd.o(.text.clear_LCD) for [Anonymous Symbol]
    lcd.o(.text.printC) refers to lcd.o(.text.lcdSetAddr) for lcdSetAddr
    lcd.o(.text.printC) refers to lcd.o(.text.lcdWriteData) for lcdWriteData
    lcd.o(.text.printC) refers to lcd.o(.data.Font8x16) for Font8x16
    lcd.o(.ARM.exidx.text.printC) refers to lcd.o(.text.printC) for [Anonymous Symbol]
    lcd.o(.text.printC_5x7) refers to lcd.o(.text.lcdSetAddr) for lcdSetAddr
    lcd.o(.text.printC_5x7) refers to lcd.o(.text.lcdWriteData) for lcdWriteData
    lcd.o(.text.printC_5x7) refers to lcd.o(.rodata.Font5x7) for [Anonymous Symbol]
    lcd.o(.ARM.exidx.text.printC_5x7) refers to lcd.o(.text.printC_5x7) for [Anonymous Symbol]
    lcd.o(.text.print_Line) refers to strlen.o(.text) for strlen
    lcd.o(.text.print_Line) refers to lcd.o(.text.printC) for printC
    lcd.o(.ARM.exidx.text.print_Line) refers to lcd.o(.text.print_Line) for [Anonymous Symbol]
    lcd.o(.text.printS) refers to strlen.o(.text) for strlen
    lcd.o(.text.printS) refers to lcd.o(.text.printC) for printC
    lcd.o(.ARM.exidx.text.printS) refers to lcd.o(.text.printS) for [Anonymous Symbol]
    lcd.o(.text.printS_5x7) refers to strlen.o(.text) for strlen
    lcd.o(.text.printS_5x7) refers to lcd.o(.text.printC_5x7) for printC_5x7
    lcd.o(.ARM.exidx.text.printS_5x7) refers to lcd.o(.text.printS_5x7) for [Anonymous Symbol]
    lcd.o(.text.draw_Bmp8x8) refers to lcd.o(.text.draw_Pixel) for draw_Pixel
    lcd.o(.ARM.exidx.text.draw_Bmp8x8) refers to lcd.o(.text.draw_Bmp8x8) for [Anonymous Symbol]
    lcd.o(.text.draw_Pixel) refers to lcd.o(.text.lcdSetAddr) for lcdSetAddr
    lcd.o(.text.draw_Pixel) refers to lcd.o(.text.lcdWriteData) for lcdWriteData
    lcd.o(.text.draw_Pixel) refers to lcd.o(.bss.DisplayBuffer) for DisplayBuffer
    lcd.o(.ARM.exidx.text.draw_Pixel) refers to lcd.o(.text.draw_Pixel) for [Anonymous Symbol]
    lcd.o(.text.draw_Bmp32x8) refers to lcd.o(.text.draw_Pixel) for draw_Pixel
    lcd.o(.ARM.exidx.text.draw_Bmp32x8) refers to lcd.o(.text.draw_Bmp32x8) for [Anonymous Symbol]
    lcd.o(.text.draw_Bmp120x8) refers to lcd.o(.text.draw_Pixel) for draw_Pixel
    lcd.o(.ARM.exidx.text.draw_Bmp120x8) refers to lcd.o(.text.draw_Bmp120x8) for [Anonymous Symbol]
    lcd.o(.text.draw_Bmp8x16) refers to lcd.o(.text.draw_Pixel) for draw_Pixel
    lcd.o(.ARM.exidx.text.draw_Bmp8x16) refers to lcd.o(.text.draw_Bmp8x16) for [Anonymous Symbol]
    lcd.o(.text.draw_Bmp16x8) refers to lcd.o(.text.draw_Pixel) for draw_Pixel
    lcd.o(.ARM.exidx.text.draw_Bmp16x8) refers to lcd.o(.text.draw_Bmp16x8) for [Anonymous Symbol]
    lcd.o(.text.draw_Bmp16x16) refers to lcd.o(.text.draw_Pixel) for draw_Pixel
    lcd.o(.ARM.exidx.text.draw_Bmp16x16) refers to lcd.o(.text.draw_Bmp16x16) for [Anonymous Symbol]
    lcd.o(.text.draw_Bmp16x24) refers to lcd.o(.text.draw_Pixel) for draw_Pixel
    lcd.o(.ARM.exidx.text.draw_Bmp16x24) refers to lcd.o(.text.draw_Bmp16x24) for [Anonymous Symbol]
    lcd.o(.text.draw_Bmp16x32) refers to lcd.o(.text.draw_Pixel) for draw_Pixel
    lcd.o(.ARM.exidx.text.draw_Bmp16x32) refers to lcd.o(.text.draw_Bmp16x32) for [Anonymous Symbol]
    lcd.o(.text.draw_Bmp16x40) refers to lcd.o(.text.draw_Pixel) for draw_Pixel
    lcd.o(.ARM.exidx.text.draw_Bmp16x40) refers to lcd.o(.text.draw_Bmp16x40) for [Anonymous Symbol]
    lcd.o(.text.draw_Bmp16x48) refers to lcd.o(.text.draw_Pixel) for draw_Pixel
    lcd.o(.ARM.exidx.text.draw_Bmp16x48) refers to lcd.o(.text.draw_Bmp16x48) for [Anonymous Symbol]
    lcd.o(.text.draw_Bmp16x64) refers to lcd.o(.text.draw_Pixel) for draw_Pixel
    lcd.o(.ARM.exidx.text.draw_Bmp16x64) refers to lcd.o(.text.draw_Bmp16x64) for [Anonymous Symbol]
    lcd.o(.text.draw_Bmp32x16) refers to lcd.o(.text.draw_Pixel) for draw_Pixel
    lcd.o(.ARM.exidx.text.draw_Bmp32x16) refers to lcd.o(.text.draw_Bmp32x16) for [Anonymous Symbol]
    lcd.o(.text.draw_Bmp32x32) refers to lcd.o(.text.draw_Pixel) for draw_Pixel
    lcd.o(.ARM.exidx.text.draw_Bmp32x32) refers to lcd.o(.text.draw_Bmp32x32) for [Anonymous Symbol]
    lcd.o(.text.draw_Bmp32x48) refers to lcd.o(.text.draw_Pixel) for draw_Pixel
    lcd.o(.ARM.exidx.text.draw_Bmp32x48) refers to lcd.o(.text.draw_Bmp32x48) for [Anonymous Symbol]
    lcd.o(.text.draw_Bmp32x64) refers to lcd.o(.text.draw_Pixel) for draw_Pixel
    lcd.o(.ARM.exidx.text.draw_Bmp32x64) refers to lcd.o(.text.draw_Bmp32x64) for [Anonymous Symbol]
    lcd.o(.text.draw_Bmp64x64) refers to lcd.o(.text.draw_Pixel) for draw_Pixel
    lcd.o(.ARM.exidx.text.draw_Bmp64x64) refers to lcd.o(.text.draw_Bmp64x64) for [Anonymous Symbol]
    lcd.o(.text.draw_LCD) refers to lcd.o(.text.lcdSetAddr) for lcdSetAddr
    lcd.o(.text.draw_LCD) refers to lcd.o(.text.lcdWriteData) for lcdWriteData
    lcd.o(.ARM.exidx.text.draw_LCD) refers to lcd.o(.text.draw_LCD) for [Anonymous Symbol]
    draw2d.o(.text.draw_Line) refers to lcd.o(.text.draw_Pixel) for draw_Pixel
    draw2d.o(.ARM.exidx.text.draw_Line) refers to draw2d.o(.text.draw_Line) for [Anonymous Symbol]
    draw2d.o(.text.draw_Circle) refers to lcd.o(.text.draw_Pixel) for draw_Pixel
    draw2d.o(.ARM.exidx.text.draw_Circle) refers to draw2d.o(.text.draw_Circle) for [Anonymous Symbol]
    draw2d.o(.text.draw_Rectangle) refers to lcd.o(.text.draw_Pixel) for draw_Pixel
    draw2d.o(.ARM.exidx.text.draw_Rectangle) refers to draw2d.o(.text.draw_Rectangle) for [Anonymous Symbol]
    draw2d.o(.text.fill_Rectangle) refers to lcd.o(.text.draw_Pixel) for draw_Pixel
    draw2d.o(.ARM.exidx.text.fill_Rectangle) refers to draw2d.o(.text.fill_Rectangle) for [Anonymous Symbol]
    draw2d.o(.text.draw_Triangle) refers to draw2d.o(.text.draw_Line) for draw_Line
    draw2d.o(.ARM.exidx.text.draw_Triangle) refers to draw2d.o(.text.draw_Triangle) for [Anonymous Symbol]
    main.o(.text.LCD_start) refers to main.o(.text.LCD_command) for LCD_command
    main.o(.ARM.exidx.text.LCD_start) refers to main.o(.text.LCD_start) for [Anonymous Symbol]
    main.o(.ARM.exidx.text.LCD_command) refers to main.o(.text.LCD_command) for [Anonymous Symbol]
    main.o(.ARM.exidx.text.LCD_data) refers to main.o(.text.LCD_data) for [Anonymous Symbol]
    main.o(.text.LCD_clear) refers to main.o(.text.LCD_SetAddress) for LCD_SetAddress
    main.o(.text.LCD_clear) refers to main.o(.text.LCD_data) for LCD_data
    main.o(.ARM.exidx.text.LCD_clear) refers to main.o(.text.LCD_clear) for [Anonymous Symbol]
    main.o(.text.LCD_SetAddress) refers to main.o(.text.LCD_command) for LCD_command
    main.o(.ARM.exidx.text.LCD_SetAddress) refers to main.o(.text.LCD_SetAddress) for [Anonymous Symbol]
    main.o(.text.KeyPadEnable) refers to gpio.o(.text.GPIO_SetMode) for GPIO_SetMode
    main.o(.ARM.exidx.text.KeyPadEnable) refers to main.o(.text.KeyPadEnable) for [Anonymous Symbol]
    main.o(.ARM.exidx.text.KeyPadScanning) refers to main.o(.text.KeyPadScanning) for [Anonymous Symbol]
    main.o(.ARM.exidx.text.System_Config) refers to main.o(.text.System_Config) for [Anonymous Symbol]
    main.o(.ARM.exidx.text.SPI3_Config) refers to main.o(.text.SPI3_Config) for [Anonymous Symbol]
    main.o(.text.generate_food) refers to rand.o(.emb_text) for rand
    main.o(.text.generate_food) refers to aeabi_sdiv.o(.text) for __aeabi_idivmod
    main.o(.text.generate_food) refers to draw2d.o(.text.fill_Rectangle) for fill_Rectangle
    main.o(.text.generate_food) refers to main.o(.data..L_MergedGlobals) for [Anonymous Symbol]
    main.o(.text.generate_food) refers to main.o(.bss..L_MergedGlobals.1) for [Anonymous Symbol]
    main.o(.ARM.exidx.text.generate_food) refers to main.o(.text.generate_food) for [Anonymous Symbol]
    main.o(.text.control_game) refers to draw2d.o(.text.fill_Rectangle) for fill_Rectangle
    main.o(.text.control_game) refers to main.o(.text.KeyPadScanning) for KeyPadScanning
    main.o(.text.control_game) refers to main.o(.text.CLK_SysTickDelay) for CLK_SysTickDelay
    main.o(.text.control_game) refers to main.o(.text.LCD_clear) for LCD_clear
    main.o(.text.control_game) refers to main.o(.bss..L_MergedGlobals.1) for [Anonymous Symbol]
    main.o(.text.control_game) refers to main.o(.data..L_MergedGlobals) for [Anonymous Symbol]
    main.o(.ARM.exidx.text.control_game) refers to main.o(.text.control_game) for [Anonymous Symbol]
    main.o(.text.CLK_SysTickDelay) refers to system_nuc100series.o(.data..L_MergedGlobals) for CyclesPerUs
    main.o(.ARM.exidx.text.CLK_SysTickDelay) refers to main.o(.text.CLK_SysTickDelay) for [Anonymous Symbol]
    main.o(.text.main) refers to main.o(.text.System_Config) for System_Config
    main.o(.text.main) refers to main.o(.text.KeyPadEnable) for KeyPadEnable
    main.o(.text.main) refers to main.o(.text.SPI3_Config) for SPI3_Config
    main.o(.text.main) refers to main.o(.text.LCD_start) for LCD_start
    main.o(.text.main) refers to main.o(.text.LCD_clear) for LCD_clear
    main.o(.text.main) refers to draw2d.o(.text.draw_Rectangle) for draw_Rectangle
    main.o(.text.main) refers to draw2d.o(.text.fill_Rectangle) for fill_Rectangle
    main.o(.text.main) refers to main.o(.text.generate_food) for generate_food
    main.o(.text.main) refers to main.o(.text.CLK_SysTickDelay) for CLK_SysTickDelay
    main.o(.text.main) refers to main.o(.bss..L_MergedGlobals.1) for [Anonymous Symbol]
    main.o(.text.main) refers to main.o(.data..L_MergedGlobals) for [Anonymous Symbol]
    main.o(.ARM.exidx.text.main) refers to main.o(.text.main) for [Anonymous Symbol]
    rand.o(.emb_text) refers (Special) to libinit2.o(.ARM.Collect$$libinit$$0000000D) for __rt_lib_init_rand_2
    rand.o(.emb_text) refers to rand.o(.text) for _rand_init
    rand.o(.emb_text) refers to rand.o(.bss) for _random_number_data
    rand.o(.text) refers (Special) to libinit2.o(.ARM.Collect$$libinit$$0000000D) for __rt_lib_init_rand_2
    rand.o(.text) refers to rand.o(.bss) for .bss
    rand.o(.bss) refers (Special) to libinit2.o(.ARM.Collect$$libinit$$0000000D) for __rt_lib_init_rand_2
    __main.o(!!!main) refers to __rtentry.o(.ARM.Collect$$rtentry$$00000000) for __rt_entry
    __rtentry.o(.ARM.Collect$$rtentry$$00000000) refers (Special) to __rtentry2.o(.ARM.Collect$$rtentry$$0000000A) for __rt_entry_li
    __rtentry.o(.ARM.Collect$$rtentry$$00000000) refers (Special) to __rtentry2.o(.ARM.Collect$$rtentry$$0000000D) for __rt_entry_main
    __rtentry.o(.ARM.Collect$$rtentry$$00000000) refers (Special) to __rtentry2.o(.ARM.Collect$$rtentry$$0000000C) for __rt_entry_postli_1
    __rtentry.o(.ARM.Collect$$rtentry$$00000000) refers (Special) to __rtentry2.o(.ARM.Collect$$rtentry$$00000009) for __rt_entry_postsh_1
    __rtentry.o(.ARM.Collect$$rtentry$$00000000) refers (Special) to __rtentry2.o(.ARM.Collect$$rtentry$$00000002) for __rt_entry_presh_1
    __rtentry.o(.ARM.Collect$$rtentry$$00000000) refers (Special) to __rtentry4.o(.ARM.Collect$$rtentry$$00000004) for __rt_entry_sh
    aeabi_idiv0_sigfpe.o(.text) refers to rt_div0.o(.text) for __rt_div0
    libinit2.o(.ARM.Collect$$libinit$$0000000D) refers (Weak) to rand.o(.text) for _rand_init
    libinit2.o(.ARM.Collect$$libinit$$00000010) refers to libinit2.o(.ARM.Collect$$libinit$$0000000F) for .ARM.Collect$$libinit$$0000000F
    libinit2.o(.ARM.Collect$$libinit$$00000012) refers to libinit2.o(.ARM.Collect$$libinit$$0000000F) for .ARM.Collect$$libinit$$0000000F
    libinit2.o(.ARM.Collect$$libinit$$00000014) refers to libinit2.o(.ARM.Collect$$libinit$$0000000F) for .ARM.Collect$$libinit$$0000000F
    libinit2.o(.ARM.Collect$$libinit$$00000016) refers to libinit2.o(.ARM.Collect$$libinit$$0000000F) for .ARM.Collect$$libinit$$0000000F
    libinit2.o(.ARM.Collect$$libinit$$00000018) refers to libinit2.o(.ARM.Collect$$libinit$$0000000F) for .ARM.Collect$$libinit$$0000000F
    libinit2.o(.ARM.Collect$$libinit$$00000026) refers to argv_veneer.o(.text) for __ARM_argv_veneer
    libinit2.o(.ARM.Collect$$libinit$$00000027) refers to argv_veneer.o(.text) for __ARM_argv_veneer
    __rtentry2.o(.ARM.Collect$$rtentry$$00000008) refers to boardinit2.o(.text) for _platform_post_stackheap_init
    __rtentry2.o(.ARM.Collect$$rtentry$$0000000A) refers to libinit.o(.ARM.Collect$$libinit$$00000000) for __rt_lib_init
    __rtentry2.o(.ARM.Collect$$rtentry$$0000000B) refers to boardinit3.o(.text) for _platform_post_lib_init
    __rtentry2.o(.ARM.Collect$$rtentry$$0000000D) refers to main.o(.text.main) for main
    __rtentry2.o(.ARM.Collect$$rtentry$$0000000D) refers to exit.o(.text) for exit
    __rtentry2.o(.ARM.exidx) refers to __rtentry2.o(.ARM.Collect$$rtentry$$00000001) for .ARM.Collect$$rtentry$$00000001
    __rtentry2.o(.ARM.exidx) refers to __rtentry2.o(.ARM.Collect$$rtentry$$00000008) for .ARM.Collect$$rtentry$$00000008
    __rtentry2.o(.ARM.exidx) refers to __rtentry2.o(.ARM.Collect$$rtentry$$0000000A) for .ARM.Collect$$rtentry$$0000000A
    __rtentry2.o(.ARM.exidx) refers to __rtentry2.o(.ARM.Collect$$rtentry$$0000000B) for .ARM.Collect$$rtentry$$0000000B
    __rtentry2.o(.ARM.exidx) refers to __rtentry2.o(.ARM.Collect$$rtentry$$0000000D) for .ARM.Collect$$rtentry$$0000000D
    __rtentry4.o(.ARM.Collect$$rtentry$$00000004) refers to sys_stackheap_outer.o(.text) for __user_setup_stackheap
    __rtentry4.o(.ARM.exidx) refers to __rtentry4.o(.ARM.Collect$$rtentry$$00000004) for .ARM.Collect$$rtentry$$00000004
    rt_div0.o(.text) refers to defsig_fpe_outer.o(.text) for __rt_SIGFPE
    sys_stackheap_outer.o(.text) refers to libspace.o(.text) for __user_perproc_libspace
    sys_stackheap_outer.o(.text) refers to startup_nuc100series.o(.text) for __user_initial_stackheap
    sys_stackheap_outer.o(__vectab_stack_and_reset_area) refers to tempstk.o(.text) for __temporary_stack_top
    sys_stackheap_outer.o(__vectab_stack_and_reset_area) refers to __main.o(!!!main) for __main
    exit.o(.text) refers to rtexit.o(.ARM.Collect$$rtexit$$00000000) for __rt_exit
    defsig_fpe_outer.o(.text) refers to defsig_fpe_inner.o(.text) for __rt_SIGFPE_inner
    defsig_fpe_outer.o(.text) refers to defsig_exit.o(.text) for __sig_exit
    defsig_fpe_formal.o(.text) refers to rt_raise.o(.text) for __rt_raise
    _get_argv_nomalloc.o(.text) refers (Special) to hrguard.o(.text) for __heap_region$guard
    _get_argv_nomalloc.o(.text) refers to defsig_rtmem_outer.o(.text) for __rt_SIGRTMEM
    _get_argv_nomalloc.o(.text) refers to sys_command.o(.text) for _sys_command_string
    libinit.o(.ARM.Collect$$libinit$$00000000) refers (Special) to libinit2.o(.ARM.Collect$$libinit$$0000002E) for __rt_lib_init_alloca_1
    libinit.o(.ARM.Collect$$libinit$$00000000) refers (Special) to libinit2.o(.ARM.Collect$$libinit$$0000002C) for __rt_lib_init_argv_1
    libinit.o(.ARM.Collect$$libinit$$00000000) refers (Special) to libinit2.o(.ARM.Collect$$libinit$$0000001B) for __rt_lib_init_atexit_1
    libinit.o(.ARM.Collect$$libinit$$00000000) refers (Special) to libinit2.o(.ARM.Collect$$libinit$$00000021) for __rt_lib_init_clock_1
    libinit.o(.ARM.Collect$$libinit$$00000000) refers (Special) to libinit2.o(.ARM.Collect$$libinit$$00000032) for __rt_lib_init_cpp_1
    libinit.o(.ARM.Collect$$libinit$$00000000) refers (Special) to libinit2.o(.ARM.Collect$$libinit$$00000030) for __rt_lib_init_exceptions_1
    libinit.o(.ARM.Collect$$libinit$$00000000) refers (Special) to libinit2.o(.ARM.Collect$$libinit$$00000002) for __rt_lib_init_fp_1
    libinit.o(.ARM.Collect$$libinit$$00000000) refers (Special) to libinit2.o(.ARM.Collect$$libinit$$0000001F) for __rt_lib_init_fp_trap_1
    libinit.o(.ARM.Collect$$libinit$$00000000) refers (Special) to libinit2.o(.ARM.Collect$$libinit$$00000023) for __rt_lib_init_getenv_1
    libinit.o(.ARM.Collect$$libinit$$00000000) refers (Special) to libinit2.o(.ARM.Collect$$libinit$$0000000A) for __rt_lib_init_heap_1
    libinit.o(.ARM.Collect$$libinit$$00000000) refers (Special) to libinit2.o(.ARM.Collect$$libinit$$00000011) for __rt_lib_init_lc_collate_1
    libinit.o(.ARM.Collect$$libinit$$00000000) refers (Special) to libinit2.o(.ARM.Collect$$libinit$$00000013) for __rt_lib_init_lc_ctype_1
    libinit.o(.ARM.Collect$$libinit$$00000000) refers (Special) to libinit2.o(.ARM.Collect$$libinit$$00000015) for __rt_lib_init_lc_monetary_1
    libinit.o(.ARM.Collect$$libinit$$00000000) refers (Special) to libinit2.o(.ARM.Collect$$libinit$$00000017) for __rt_lib_init_lc_numeric_1
    libinit.o(.ARM.Collect$$libinit$$00000000) refers (Special) to libinit2.o(.ARM.Collect$$libinit$$00000019) for __rt_lib_init_lc_time_1
    libinit.o(.ARM.Collect$$libinit$$00000000) refers (Special) to libinit2.o(.ARM.Collect$$libinit$$00000004) for __rt_lib_init_preinit_1
    libinit.o(.ARM.Collect$$libinit$$00000000) refers (Special) to libinit2.o(.ARM.Collect$$libinit$$0000000E) for __rt_lib_init_rand_1
    libinit.o(.ARM.Collect$$libinit$$00000000) refers (Special) to libinit2.o(.ARM.Collect$$libinit$$00000033) for __rt_lib_init_return
    libinit.o(.ARM.Collect$$libinit$$00000000) refers (Special) to libinit2.o(.ARM.Collect$$libinit$$0000001D) for __rt_lib_init_signal_1
    libinit.o(.ARM.Collect$$libinit$$00000000) refers (Special) to libinit2.o(.ARM.Collect$$libinit$$00000025) for __rt_lib_init_stdio_1
    libinit.o(.ARM.Collect$$libinit$$00000000) refers (Special) to libinit2.o(.ARM.Collect$$libinit$$0000000C) for __rt_lib_init_user_alloc_1
    sys_command.o(.text) refers (Special) to use_no_semi.o(.text) for __I$use$semihosting
    sys_command.o(.text) refers (Special) to indicate_semi.o(.text) for __semihosting_library_function
    sys_command_hlt.o(.text) refers (Special) to use_no_semi.o(.text) for __I$use$semihosting
    sys_command_hlt.o(.text) refers (Special) to indicate_semi.o(.text) for __semihosting_library_function
    libspace.o(.text) refers to libspace.o(.bss) for __libspace_start
    rtexit.o(.ARM.Collect$$rtexit$$00000000) refers (Special) to rtexit2.o(.ARM.Collect$$rtexit$$00000004) for __rt_exit_exit
    rtexit.o(.ARM.Collect$$rtexit$$00000000) refers (Special) to rtexit2.o(.ARM.Collect$$rtexit$$00000003) for __rt_exit_ls
    rtexit.o(.ARM.Collect$$rtexit$$00000000) refers (Special) to rtexit2.o(.ARM.Collect$$rtexit$$00000002) for __rt_exit_prels_1
    rtexit.o(.ARM.exidx) refers (Special) to rtexit2.o(.ARM.Collect$$rtexit$$00000004) for __rt_exit_exit
    rtexit.o(.ARM.exidx) refers (Special) to rtexit2.o(.ARM.Collect$$rtexit$$00000003) for __rt_exit_ls
    rtexit.o(.ARM.exidx) refers (Special) to rtexit2.o(.ARM.Collect$$rtexit$$00000002) for __rt_exit_prels_1
    rtexit.o(.ARM.exidx) refers to rtexit.o(.ARM.Collect$$rtexit$$00000000) for .ARM.Collect$$rtexit$$00000000
    rt_raise.o(.text) refers to __raise.o(.text) for __raise
    rt_raise.o(.text) refers to sys_exit.o(.text) for _sys_exit
    defsig_exit.o(.text) refers to sys_exit.o(.text) for _sys_exit
    defsig_fpe_inner.o(.text) refers to defsig_general.o(.text) for __default_signal_display
    defsig_rtmem_outer.o(.text) refers to defsig_rtmem_inner.o(.text) for __rt_SIGRTMEM_inner
    defsig_rtmem_outer.o(.text) refers to defsig_exit.o(.text) for __sig_exit
    defsig_rtmem_formal.o(.text) refers to rt_raise.o(.text) for __rt_raise
    sys_exit.o(.text) refers (Special) to use_no_semi.o(.text) for __I$use$semihosting
    sys_exit.o(.text) refers (Special) to indicate_semi.o(.text) for __semihosting_library_function
    sys_exit_hlt.o(.text) refers (Special) to use_no_semi.o(.text) for __I$use$semihosting
    sys_exit_hlt.o(.text) refers (Special) to indicate_semi.o(.text) for __semihosting_library_function
    rtexit2.o(.ARM.Collect$$rtexit$$00000003) refers to libshutdown.o(.ARM.Collect$$libshutdown$$00000000) for __rt_lib_shutdown
    rtexit2.o(.ARM.Collect$$rtexit$$00000004) refers to sys_exit.o(.text) for _sys_exit
    rtexit2.o(.ARM.exidx) refers to rtexit2.o(.ARM.Collect$$rtexit$$00000001) for .ARM.Collect$$rtexit$$00000001
    rtexit2.o(.ARM.exidx) refers to rtexit2.o(.ARM.Collect$$rtexit$$00000003) for .ARM.Collect$$rtexit$$00000003
    rtexit2.o(.ARM.exidx) refers to rtexit2.o(.ARM.Collect$$rtexit$$00000004) for .ARM.Collect$$rtexit$$00000004
    __raise.o(.text) refers to defsig.o(CL$$defsig) for __default_signal_handler
    defsig_general.o(.text) refers to sys_wrch.o(.text) for _ttywrch
    defsig_rtmem_inner.o(.text) refers to defsig_general.o(.text) for __default_signal_display
    sys_wrch.o(.text) refers (Special) to use_no_semi.o(.text) for __I$use$semihosting
    sys_wrch.o(.text) refers (Special) to indicate_semi.o(.text) for __semihosting_library_function
    sys_wrch_hlt.o(.text) refers (Special) to use_no_semi.o(.text) for __I$use$semihosting
    sys_wrch_hlt.o(.text) refers (Special) to indicate_semi.o(.text) for __semihosting_library_function
    defsig.o(CL$$defsig) refers to defsig_fpe_inner.o(.text) for __rt_SIGFPE_inner
    defsig.o(CL$$defsig) refers to defsig_rtmem_inner.o(.text) for __rt_SIGRTMEM_inner
    libshutdown.o(.ARM.Collect$$libshutdown$$00000000) refers (Special) to libshutdown2.o(.ARM.Collect$$libshutdown$$00000002) for __rt_lib_shutdown_cpp_1
    libshutdown.o(.ARM.Collect$$libshutdown$$00000000) refers (Special) to libshutdown2.o(.ARM.Collect$$libshutdown$$00000007) for __rt_lib_shutdown_fp_trap_1
    libshutdown.o(.ARM.Collect$$libshutdown$$00000000) refers (Special) to libshutdown2.o(.ARM.Collect$$libshutdown$$0000000F) for __rt_lib_shutdown_heap_1
    libshutdown.o(.ARM.Collect$$libshutdown$$00000000) refers (Special) to libshutdown2.o(.ARM.Collect$$libshutdown$$00000010) for __rt_lib_shutdown_return
    libshutdown.o(.ARM.Collect$$libshutdown$$00000000) refers (Special) to libshutdown2.o(.ARM.Collect$$libshutdown$$0000000A) for __rt_lib_shutdown_signal_1
    libshutdown.o(.ARM.Collect$$libshutdown$$00000000) refers (Special) to libshutdown2.o(.ARM.Collect$$libshutdown$$00000004) for __rt_lib_shutdown_stdio_1
    libshutdown.o(.ARM.Collect$$libshutdown$$00000000) refers (Special) to libshutdown2.o(.ARM.Collect$$libshutdown$$0000000C) for __rt_lib_shutdown_user_alloc_1
    defsig_abrt_inner.o(.text) refers to defsig_general.o(.text) for __default_signal_display
    defsig_rtred_inner.o(.text) refers to defsig_general.o(.text) for __default_signal_display
    defsig_stak_inner.o(.text) refers to defsig_general.o(.text) for __default_signal_display
    defsig_pvfn_inner.o(.text) refers to defsig_general.o(.text) for __default_signal_display
    defsig_cppl_inner.o(.text) refers to defsig_general.o(.text) for __default_signal_display
    defsig_segv_inner.o(.text) refers to defsig_general.o(.text) for __default_signal_display
    defsig_other.o(.text) refers to defsig_general.o(.text) for __default_signal_display


==============================================================================

Removing Unused input sections from the image.

    Removing system_nuc100series.o(.text), (0 bytes).
    Removing system_nuc100series.o(.text.SystemCoreClockUpdate), (152 bytes).
    Removing system_nuc100series.o(.ARM.exidx.text.SystemCoreClockUpdate), (8 bytes).
    Removing system_nuc100series.o(.ARM.exidx.text.SystemInit), (8 bytes).
    Removing sys_init.o(.text), (0 bytes).
    Removing sys_init.o(.text.SYS_Init), (56 bytes).
    Removing sys_init.o(.ARM.exidx.text.SYS_Init), (8 bytes).
    Removing gpio.o(.text), (0 bytes).
    Removing gpio.o(.ARM.exidx.text.GPIO_SetMode), (8 bytes).
    Removing gpio.o(.text.GPIO_EnableInt), (28 bytes).
    Removing gpio.o(.ARM.exidx.text.GPIO_EnableInt), (8 bytes).
    Removing gpio.o(.text.GPIO_DisableInt), (28 bytes).
    Removing gpio.o(.ARM.exidx.text.GPIO_DisableInt), (8 bytes).
    Removing sys.o(.text), (0 bytes).
    Removing sys.o(.text.SYS_ClearResetSrc), (16 bytes).
    Removing sys.o(.ARM.exidx.text.SYS_ClearResetSrc), (8 bytes).
    Removing sys.o(.text.SYS_GetBODStatus), (16 bytes).
    Removing sys.o(.ARM.exidx.text.SYS_GetBODStatus), (8 bytes).
    Removing sys.o(.text.SYS_GetResetSrc), (12 bytes).
    Removing sys.o(.ARM.exidx.text.SYS_GetResetSrc), (8 bytes).
    Removing sys.o(.text.SYS_IsRegLocked), (16 bytes).
    Removing sys.o(.ARM.exidx.text.SYS_IsRegLocked), (8 bytes).
    Removing sys.o(.text.SYS_ReadPDID), (8 bytes).
    Removing sys.o(.ARM.exidx.text.SYS_ReadPDID), (8 bytes).
    Removing sys.o(.text.SYS_ResetChip), (16 bytes).
    Removing sys.o(.ARM.exidx.text.SYS_ResetChip), (8 bytes).
    Removing sys.o(.text.SYS_ResetCPU), (16 bytes).
    Removing sys.o(.ARM.exidx.text.SYS_ResetCPU), (8 bytes).
    Removing sys.o(.text.SYS_ResetModule), (36 bytes).
    Removing sys.o(.ARM.exidx.text.SYS_ResetModule), (8 bytes).
    Removing sys.o(.text.SYS_EnableBOD), (40 bytes).
    Removing sys.o(.ARM.exidx.text.SYS_EnableBOD), (8 bytes).
    Removing sys.o(.text.SYS_DisableBOD), (16 bytes).
    Removing sys.o(.ARM.exidx.text.SYS_DisableBOD), (8 bytes).
    Removing clk.o(.text), (0 bytes).
    Removing clk.o(.text.CLK_DisableCKO), (16 bytes).
    Removing clk.o(.ARM.exidx.text.CLK_DisableCKO), (8 bytes).
    Removing clk.o(.text.CLK_DisableModuleClock), (36 bytes).
    Removing clk.o(.ARM.exidx.text.CLK_DisableModuleClock), (8 bytes).
    Removing clk.o(.text.CLK_EnableCKO), (36 bytes).
    Removing clk.o(.ARM.exidx.text.CLK_EnableCKO), (8 bytes).
    Removing clk.o(.text.CLK_EnableModuleClock), (36 bytes).
    Removing clk.o(.ARM.exidx.text.CLK_EnableModuleClock), (8 bytes).
    Removing clk.o(.text.CLK_SetModuleClock), (176 bytes).
    Removing clk.o(.ARM.exidx.text.CLK_SetModuleClock), (8 bytes).
    Removing clk.o(.text.CLK_PowerDown), (36 bytes).
    Removing clk.o(.ARM.exidx.text.CLK_PowerDown), (8 bytes).
    Removing clk.o(.text.CLK_Idle), (32 bytes).
    Removing clk.o(.ARM.exidx.text.CLK_Idle), (8 bytes).
    Removing clk.o(.text.CLK_GetHXTFreq), (24 bytes).
    Removing clk.o(.ARM.exidx.text.CLK_GetHXTFreq), (8 bytes).
    Removing clk.o(.text.CLK_GetLXTFreq), (20 bytes).
    Removing clk.o(.ARM.exidx.text.CLK_GetLXTFreq), (8 bytes).
    Removing clk.o(.text.CLK_GetHCLKFreq), (16 bytes).
    Removing clk.o(.ARM.exidx.text.CLK_GetHCLKFreq), (8 bytes).
    Removing clk.o(.text.CLK_GetPCLKFreq), (16 bytes).
    Removing clk.o(.ARM.exidx.text.CLK_GetPCLKFreq), (8 bytes).
    Removing clk.o(.text.CLK_GetCPUFreq), (16 bytes).
    Removing clk.o(.ARM.exidx.text.CLK_GetCPUFreq), (8 bytes).
    Removing clk.o(.text.CLK_SetCoreClock), (116 bytes).
    Removing clk.o(.ARM.exidx.text.CLK_SetCoreClock), (8 bytes).
    Removing clk.o(.text.CLK_EnablePLL), (436 bytes).
    Removing clk.o(.ARM.exidx.text.CLK_EnablePLL), (8 bytes).
    Removing clk.o(.text.CLK_SetHCLK), (68 bytes).
    Removing clk.o(.ARM.exidx.text.CLK_SetHCLK), (8 bytes).
    Removing clk.o(.text.CLK_SetSysTickClockSrc), (20 bytes).
    Removing clk.o(.ARM.exidx.text.CLK_SetSysTickClockSrc), (8 bytes).
    Removing clk.o(.text.CLK_EnableXtalRC), (16 bytes).
    Removing clk.o(.ARM.exidx.text.CLK_EnableXtalRC), (8 bytes).
    Removing clk.o(.text.CLK_DisableXtalRC), (16 bytes).
    Removing clk.o(.ARM.exidx.text.CLK_DisableXtalRC), (8 bytes).
    Removing clk.o(.text.CLK_WaitClockReady), (32 bytes).
    Removing clk.o(.ARM.exidx.text.CLK_WaitClockReady), (8 bytes).
    Removing clk.o(.text.CLK_DisablePLL), (20 bytes).
    Removing clk.o(.ARM.exidx.text.CLK_DisablePLL), (8 bytes).
    Removing clk.o(.rodata.cst16), (16 bytes).
    Removing spi.o(.text), (0 bytes).
    Removing spi.o(.text.SPI_Open), (368 bytes).
    Removing spi.o(.ARM.exidx.text.SPI_Open), (8 bytes).
    Removing spi.o(.text.CLK_GetPLLClockFreq), (88 bytes).
    Removing spi.o(.ARM.exidx.text.CLK_GetPLLClockFreq), (8 bytes).
    Removing spi.o(.text.SPI_Close), (108 bytes).
    Removing spi.o(.ARM.exidx.text.SPI_Close), (8 bytes).
    Removing spi.o(.text.SPI_ClearRxFIFO), (10 bytes).
    Removing spi.o(.ARM.exidx.text.SPI_ClearRxFIFO), (8 bytes).
    Removing spi.o(.text.SPI_ClearTxFIFO), (10 bytes).
    Removing spi.o(.ARM.exidx.text.SPI_ClearTxFIFO), (8 bytes).
    Removing spi.o(.text.SPI_DisableAutoSS), (10 bytes).
    Removing spi.o(.ARM.exidx.text.SPI_DisableAutoSS), (8 bytes).
    Removing spi.o(.text.SPI_EnableAutoSS), (18 bytes).
    Removing spi.o(.ARM.exidx.text.SPI_EnableAutoSS), (8 bytes).
    Removing spi.o(.text.SPI_SetBusClock), (288 bytes).
    Removing spi.o(.ARM.exidx.text.SPI_SetBusClock), (8 bytes).
    Removing spi.o(.text.SPI_EnableFIFO), (32 bytes).
    Removing spi.o(.ARM.exidx.text.SPI_EnableFIFO), (8 bytes).
    Removing spi.o(.text.SPI_DisableFIFO), (12 bytes).
    Removing spi.o(.ARM.exidx.text.SPI_DisableFIFO), (8 bytes).
    Removing spi.o(.text.SPI_GetBusClock), (100 bytes).
    Removing spi.o(.ARM.exidx.text.SPI_GetBusClock), (8 bytes).
    Removing spi.o(.text.SPI_EnableInt), (80 bytes).
    Removing spi.o(.ARM.exidx.text.SPI_EnableInt), (8 bytes).
    Removing spi.o(.text.SPI_DisableInt), (80 bytes).
    Removing spi.o(.ARM.exidx.text.SPI_DisableInt), (8 bytes).
    Removing spi.o(.text.SPI_GetIntFlag), (90 bytes).
    Removing spi.o(.ARM.exidx.text.SPI_GetIntFlag), (8 bytes).
    Removing spi.o(.text.SPI_ClearIntFlag), (48 bytes).
    Removing spi.o(.ARM.exidx.text.SPI_ClearIntFlag), (8 bytes).
    Removing spi.o(.text.SPI_GetStatus), (78 bytes).
    Removing spi.o(.ARM.exidx.text.SPI_GetStatus), (8 bytes).
    Removing lcd.o(.text), (0 bytes).
    Removing lcd.o(.text.init_SPI3), (36 bytes).
    Removing lcd.o(.ARM.exidx.text.init_SPI3), (8 bytes).
    Removing lcd.o(.text.lcdWriteCommand), (44 bytes).
    Removing lcd.o(.ARM.exidx.text.lcdWriteCommand), (8 bytes).
    Removing lcd.o(.ARM.exidx.text.lcdWriteData), (8 bytes).
    Removing lcd.o(.ARM.exidx.text.lcdSetAddr), (8 bytes).
    Removing lcd.o(.text.init_LCD), (36 bytes).
    Removing lcd.o(.ARM.exidx.text.init_LCD), (8 bytes).
    Removing lcd.o(.text.clear_LCD), (76 bytes).
    Removing lcd.o(.ARM.exidx.text.clear_LCD), (8 bytes).
    Removing lcd.o(.text.printC), (108 bytes).
    Removing lcd.o(.ARM.exidx.text.printC), (8 bytes).
    Removing lcd.o(.text.printC_5x7), (92 bytes).
    Removing lcd.o(.ARM.exidx.text.printC_5x7), (8 bytes).
    Removing lcd.o(.text.print_Line), (36 bytes).
    Removing lcd.o(.ARM.exidx.text.print_Line), (8 bytes).
    Removing lcd.o(.text.printS), (42 bytes).
    Removing lcd.o(.ARM.exidx.text.printS), (8 bytes).
    Removing lcd.o(.text.printS_5x7), (40 bytes).
    Removing lcd.o(.ARM.exidx.text.printS_5x7), (8 bytes).
    Removing lcd.o(.text.draw_Bmp8x8), (82 bytes).
    Removing lcd.o(.ARM.exidx.text.draw_Bmp8x8), (8 bytes).
    Removing lcd.o(.ARM.exidx.text.draw_Pixel), (8 bytes).
    Removing lcd.o(.text.draw_Bmp32x8), (82 bytes).
    Removing lcd.o(.ARM.exidx.text.draw_Bmp32x8), (8 bytes).
    Removing lcd.o(.text.draw_Bmp120x8), (82 bytes).
    Removing lcd.o(.ARM.exidx.text.draw_Bmp120x8), (8 bytes).
    Removing lcd.o(.text.draw_Bmp8x16), (134 bytes).
    Removing lcd.o(.ARM.exidx.text.draw_Bmp8x16), (8 bytes).
    Removing lcd.o(.text.draw_Bmp16x8), (82 bytes).
    Removing lcd.o(.ARM.exidx.text.draw_Bmp16x8), (8 bytes).
    Removing lcd.o(.text.draw_Bmp16x16), (112 bytes).
    Removing lcd.o(.ARM.exidx.text.draw_Bmp16x16), (8 bytes).
    Removing lcd.o(.text.draw_Bmp16x24), (112 bytes).
    Removing lcd.o(.ARM.exidx.text.draw_Bmp16x24), (8 bytes).
    Removing lcd.o(.text.draw_Bmp16x32), (112 bytes).
    Removing lcd.o(.ARM.exidx.text.draw_Bmp16x32), (8 bytes).
    Removing lcd.o(.text.draw_Bmp16x40), (112 bytes).
    Removing lcd.o(.ARM.exidx.text.draw_Bmp16x40), (8 bytes).
    Removing lcd.o(.text.draw_Bmp16x48), (112 bytes).
    Removing lcd.o(.ARM.exidx.text.draw_Bmp16x48), (8 bytes).
    Removing lcd.o(.text.draw_Bmp16x64), (106 bytes).
    Removing lcd.o(.ARM.exidx.text.draw_Bmp16x64), (8 bytes).
    Removing lcd.o(.text.draw_Bmp32x16), (142 bytes).
    Removing lcd.o(.ARM.exidx.text.draw_Bmp32x16), (8 bytes).
    Removing lcd.o(.text.draw_Bmp32x32), (142 bytes).
    Removing lcd.o(.ARM.exidx.text.draw_Bmp32x32), (8 bytes).
    Removing lcd.o(.text.draw_Bmp32x48), (142 bytes).
    Removing lcd.o(.ARM.exidx.text.draw_Bmp32x48), (8 bytes).
    Removing lcd.o(.text.draw_Bmp32x64), (136 bytes).
    Removing lcd.o(.ARM.exidx.text.draw_Bmp32x64), (8 bytes).
    Removing lcd.o(.text.draw_Bmp64x64), (136 bytes).
    Removing lcd.o(.ARM.exidx.text.draw_Bmp64x64), (8 bytes).
    Removing lcd.o(.text.draw_LCD), (54 bytes).
    Removing lcd.o(.ARM.exidx.text.draw_LCD), (8 bytes).
    Removing lcd.o(.data.Font8x16), (1520 bytes).
    Removing lcd.o(.rodata.Font5x7), (480 bytes).
    Removing draw2d.o(.text), (0 bytes).
    Removing draw2d.o(.text.draw_Line), (210 bytes).
    Removing draw2d.o(.ARM.exidx.text.draw_Line), (8 bytes).
    Removing draw2d.o(.text.draw_Circle), (244 bytes).
    Removing draw2d.o(.ARM.exidx.text.draw_Circle), (8 bytes).
    Removing draw2d.o(.ARM.exidx.text.draw_Rectangle), (8 bytes).
    Removing draw2d.o(.ARM.exidx.text.fill_Rectangle), (8 bytes).
    Removing draw2d.o(.text.draw_Triangle), (68 bytes).
    Removing draw2d.o(.ARM.exidx.text.draw_Triangle), (8 bytes).
    Removing main.o(.text), (0 bytes).
    Removing main.o(.ARM.exidx.text.LCD_start), (8 bytes).
    Removing main.o(.ARM.exidx.text.LCD_command), (8 bytes).
    Removing main.o(.ARM.exidx.text.LCD_data), (8 bytes).
    Removing main.o(.ARM.exidx.text.LCD_clear), (8 bytes).
    Removing main.o(.ARM.exidx.text.LCD_SetAddress), (8 bytes).
    Removing main.o(.ARM.exidx.text.KeyPadEnable), (8 bytes).
    Removing main.o(.text.KeyPadScanning), (140 bytes).
    Removing main.o(.ARM.exidx.text.KeyPadScanning), (8 bytes).
    Removing main.o(.ARM.exidx.text.System_Config), (8 bytes).
    Removing main.o(.ARM.exidx.text.SPI3_Config), (8 bytes).
    Removing main.o(.ARM.exidx.text.generate_food), (8 bytes).
    Removing main.o(.text.control_game), (232 bytes).
    Removing main.o(.ARM.exidx.text.control_game), (8 bytes).
    Removing main.o(.ARM.exidx.text.CLK_SysTickDelay), (8 bytes).
    Removing main.o(.ARM.exidx.text.main), (8 bytes).
    Removing main.o(.data.monster_128x64), (8192 bytes).
    Removing main.o(.data.gameover_128x64), (1024 bytes).
    Removing main.o(.data.car_128x64), (1024 bytes).
    Removing main.o(.rodata.snake_game_intro), (1024 bytes).
    Removing main.o(.bss.key_pressed), (4 bytes).
    Removing main.o(.data.score_txt), (2 bytes).
    Removing main.o(.ARM.use_no_argv), (4 bytes).

199 unused section(s) (total 20426 bytes) removed from the image.

==============================================================================

Image Symbol Table

    Local Symbols

    Symbol Name                              Value     Ov Type        Size  Object(Section)

    ../Library/NUC100Series/Source/ARM/startup_NUC100Series.s 0x00000000   Number         0  startup_nuc100series.o ABSOLUTE
    ../clib/angel/boardlib.s                 0x00000000   Number         0  boardinit1.o ABSOLUTE
    ../clib/angel/boardlib.s                 0x00000000   Number         0  boardinit2.o ABSOLUTE
    ../clib/angel/boardlib.s                 0x00000000   Number         0  boardinit3.o ABSOLUTE
    ../clib/angel/boardlib.s                 0x00000000   Number         0  boardshut.o ABSOLUTE
    ../clib/angel/handlers.s                 0x00000000   Number         0  __scatter_copy.o ABSOLUTE
    ../clib/angel/handlers.s                 0x00000000   Number         0  __scatter_zi.o ABSOLUTE
    ../clib/angel/kernel.s                   0x00000000   Number         0  __rtentry.o ABSOLUTE
    ../clib/angel/kernel.s                   0x00000000   Number         0  __rtentry2.o ABSOLUTE
    ../clib/angel/kernel.s                   0x00000000   Number         0  __rtentry4.o ABSOLUTE
    ../clib/angel/kernel.s                   0x00000000   Number         0  rtexit.o ABSOLUTE
    ../clib/angel/kernel.s                   0x00000000   Number         0  rtexit2.o ABSOLUTE
    ../clib/angel/rt.s                       0x00000000   Number         0  aeabi_idiv0.o ABSOLUTE
    ../clib/angel/rt.s                       0x00000000   Number         0  aeabi_idiv0_sigfpe.o ABSOLUTE
    ../clib/angel/rt.s                       0x00000000   Number         0  rt_div0.o ABSOLUTE
    ../clib/angel/rt.s                       0x00000000   Number         0  rt_raise.o ABSOLUTE
    ../clib/angel/scatterp.s                 0x00000000   Number         0  __scatter.o ABSOLUTE
    ../clib/angel/startup.s                  0x00000000   Number         0  __main.o ABSOLUTE
    ../clib/angel/sys.s                      0x00000000   Number         0  sys_stackheap_outer.o ABSOLUTE
    ../clib/angel/sys.s                      0x00000000   Number         0  libspace.o ABSOLUTE
    ../clib/angel/sys.s                      0x00000000   Number         0  tempstk.o ABSOLUTE
    ../clib/angel/sys.s                      0x00000000   Number         0  use_no_semi.o ABSOLUTE
    ../clib/angel/sys.s                      0x00000000   Number         0  indicate_semi.o ABSOLUTE
    ../clib/angel/sysapp.c                   0x00000000   Number         0  sys_command.o ABSOLUTE
    ../clib/angel/sysapp.c                   0x00000000   Number         0  sys_command_hlt.o ABSOLUTE
    ../clib/angel/sysapp.c                   0x00000000   Number         0  sys_exit.o ABSOLUTE
    ../clib/angel/sysapp.c                   0x00000000   Number         0  sys_exit_hlt.o ABSOLUTE
    ../clib/angel/sysapp.c                   0x00000000   Number         0  sys_wrch.o ABSOLUTE
    ../clib/angel/sysapp.c                   0x00000000   Number         0  sys_wrch_hlt.o ABSOLUTE
    ../clib/armsys.c                         0x00000000   Number         0  argv_veneer.o ABSOLUTE
    ../clib/armsys.c                         0x00000000   Number         0  _get_argv_nomalloc.o ABSOLUTE
    ../clib/armsys.c                         0x00000000   Number         0  no_argv.o ABSOLUTE
    ../clib/division.s                       0x00000000   Number         0  aeabi_sdiv.o ABSOLUTE
    ../clib/division.s                       0x00000000   Number         0  aeabi_sdiv_div0.o ABSOLUTE
    ../clib/heapalloc.c                      0x00000000   Number         0  hrguard.o ABSOLUTE
    ../clib/heapaux.c                        0x00000000   Number         0  heapauxi.o ABSOLUTE
    ../clib/libinit.s                        0x00000000   Number         0  libinit2.o ABSOLUTE
    ../clib/libinit.s                        0x00000000   Number         0  libinit.o ABSOLUTE
    ../clib/libinit.s                        0x00000000   Number         0  libshutdown.o ABSOLUTE
    ../clib/libinit.s                        0x00000000   Number         0  libshutdown2.o ABSOLUTE
    ../clib/signal.c                         0x00000000   Number         0  defsig_fpe_outer.o ABSOLUTE
    ../clib/signal.c                         0x00000000   Number         0  defsig_fpe_formal.o ABSOLUTE
    ../clib/signal.c                         0x00000000   Number         0  defsig_exit.o ABSOLUTE
    ../clib/signal.c                         0x00000000   Number         0  defsig_fpe_inner.o ABSOLUTE
    ../clib/signal.c                         0x00000000   Number         0  defsig_rtmem_outer.o ABSOLUTE
    ../clib/signal.c                         0x00000000   Number         0  defsig_rtmem_formal.o ABSOLUTE
    ../clib/signal.c                         0x00000000   Number         0  __raise.o ABSOLUTE
    ../clib/signal.c                         0x00000000   Number         0  defsig_general.o ABSOLUTE
    ../clib/signal.c                         0x00000000   Number         0  defsig_rtmem_inner.o ABSOLUTE
    ../clib/signal.c                         0x00000000   Number         0  defsig_abrt_inner.o ABSOLUTE
    ../clib/signal.c                         0x00000000   Number         0  defsig_rtred_inner.o ABSOLUTE
    ../clib/signal.c                         0x00000000   Number         0  defsig_stak_inner.o ABSOLUTE
    ../clib/signal.c                         0x00000000   Number         0  defsig_pvfn_inner.o ABSOLUTE
    ../clib/signal.c                         0x00000000   Number         0  defsig_cppl_inner.o ABSOLUTE
    ../clib/signal.c                         0x00000000   Number         0  defsig_segv_inner.o ABSOLUTE
    ../clib/signal.c                         0x00000000   Number         0  defsig_other.o ABSOLUTE
    ../clib/signal.s                         0x00000000   Number         0  defsig.o ABSOLUTE
    ../clib/stdlib.c                         0x00000000   Number         0  rand.o ABSOLUTE
    ../clib/stdlib.c                         0x00000000   Number         0  rand.o ABSOLUTE
    ../clib/stdlib.c                         0x00000000   Number         0  exit.o ABSOLUTE
    ../clib/string.c                         0x00000000   Number         0  strlen.o ABSOLUTE
    ../fplib/cfplib/fpinit.c                 0x00000000   Number         0  fpinit.o ABSOLUTE
    Draw2D.c                                 0x00000000   Number         0  draw2d.o ABSOLUTE
    LCD.c                                    0x00000000   Number         0  lcd.o ABSOLUTE
    SYS_init.c                               0x00000000   Number         0  sys_init.o ABSOLUTE
    clk.c                                    0x00000000   Number         0  clk.o ABSOLUTE
    dc.s                                     0x00000000   Number         0  dc.o ABSOLUTE
    gpio.c                                   0x00000000   Number         0  gpio.o ABSOLUTE
    main.c                                   0x00000000   Number         0  main.o ABSOLUTE
    spi.c                                    0x00000000   Number         0  spi.o ABSOLUTE
    sys.c                                    0x00000000   Number         0  sys.o ABSOLUTE
    system_NUC100Series.c                    0x00000000   Number         0  system_nuc100series.o ABSOLUTE
    RESET                                    0x00000000   Section      192  startup_nuc100series.o(RESET)
    !!!main                                  0x000000c0   Section        8  __main.o(!!!main)
    !!!scatter                               0x000000c8   Section       60  __scatter.o(!!!scatter)
    !!handler_copy                           0x00000104   Section       26  __scatter_copy.o(!!handler_copy)
    !!handler_zi                             0x00000120   Section       28  __scatter_zi.o(!!handler_zi)
    .ARM.Collect$$libinit$$00000000          0x0000013c   Section        2  libinit.o(.ARM.Collect$$libinit$$00000000)
    .ARM.Collect$$libinit$$00000002          0x0000013e   Section        0  libinit2.o(.ARM.Collect$$libinit$$00000002)
    .ARM.Collect$$libinit$$00000004          0x0000013e   Section        0  libinit2.o(.ARM.Collect$$libinit$$00000004)
    .ARM.Collect$$libinit$$0000000A          0x0000013e   Section        0  libinit2.o(.ARM.Collect$$libinit$$0000000A)
    .ARM.Collect$$libinit$$0000000C          0x0000013e   Section        0  libinit2.o(.ARM.Collect$$libinit$$0000000C)
    .ARM.Collect$$libinit$$0000000D          0x0000013e   Section        4  libinit2.o(.ARM.Collect$$libinit$$0000000D)
    .ARM.Collect$$libinit$$0000000E          0x00000142   Section        0  libinit2.o(.ARM.Collect$$libinit$$0000000E)
    .ARM.Collect$$libinit$$00000011          0x00000142   Section        0  libinit2.o(.ARM.Collect$$libinit$$00000011)
    .ARM.Collect$$libinit$$00000013          0x00000142   Section        0  libinit2.o(.ARM.Collect$$libinit$$00000013)
    .ARM.Collect$$libinit$$00000015          0x00000142   Section        0  libinit2.o(.ARM.Collect$$libinit$$00000015)
    .ARM.Collect$$libinit$$00000017          0x00000142   Section        0  libinit2.o(.ARM.Collect$$libinit$$00000017)
    .ARM.Collect$$libinit$$00000019          0x00000142   Section        0  libinit2.o(.ARM.Collect$$libinit$$00000019)
    .ARM.Collect$$libinit$$0000001B          0x00000142   Section        0  libinit2.o(.ARM.Collect$$libinit$$0000001B)
    .ARM.Collect$$libinit$$0000001D          0x00000142   Section        0  libinit2.o(.ARM.Collect$$libinit$$0000001D)
    .ARM.Collect$$libinit$$0000001F          0x00000142   Section        0  libinit2.o(.ARM.Collect$$libinit$$0000001F)
    .ARM.Collect$$libinit$$00000021          0x00000142   Section        0  libinit2.o(.ARM.Collect$$libinit$$00000021)
    .ARM.Collect$$libinit$$00000023          0x00000142   Section        0  libinit2.o(.ARM.Collect$$libinit$$00000023)
    .ARM.Collect$$libinit$$00000025          0x00000142   Section        0  libinit2.o(.ARM.Collect$$libinit$$00000025)
    .ARM.Collect$$libinit$$0000002C          0x00000142   Section        0  libinit2.o(.ARM.Collect$$libinit$$0000002C)
    .ARM.Collect$$libinit$$0000002E          0x00000142   Section        0  libinit2.o(.ARM.Collect$$libinit$$0000002E)
    .ARM.Collect$$libinit$$00000030          0x00000142   Section        0  libinit2.o(.ARM.Collect$$libinit$$00000030)
    .ARM.Collect$$libinit$$00000032          0x00000142   Section        0  libinit2.o(.ARM.Collect$$libinit$$00000032)
    .ARM.Collect$$libinit$$00000033          0x00000142   Section        2  libinit2.o(.ARM.Collect$$libinit$$00000033)
    .ARM.Collect$$libshutdown$$00000000      0x00000144   Section        2  libshutdown.o(.ARM.Collect$$libshutdown$$00000000)
    .ARM.Collect$$libshutdown$$00000002      0x00000146   Section        0  libshutdown2.o(.ARM.Collect$$libshutdown$$00000002)
    .ARM.Collect$$libshutdown$$00000004      0x00000146   Section        0  libshutdown2.o(.ARM.Collect$$libshutdown$$00000004)
    .ARM.Collect$$libshutdown$$00000007      0x00000146   Section        0  libshutdown2.o(.ARM.Collect$$libshutdown$$00000007)
    .ARM.Collect$$libshutdown$$0000000A      0x00000146   Section        0  libshutdown2.o(.ARM.Collect$$libshutdown$$0000000A)
    .ARM.Collect$$libshutdown$$0000000C      0x00000146   Section        0  libshutdown2.o(.ARM.Collect$$libshutdown$$0000000C)
    .ARM.Collect$$libshutdown$$0000000F      0x00000146   Section        0  libshutdown2.o(.ARM.Collect$$libshutdown$$0000000F)
    .ARM.Collect$$libshutdown$$00000010      0x00000146   Section        2  libshutdown2.o(.ARM.Collect$$libshutdown$$00000010)
    .ARM.Collect$$rtentry$$00000000          0x00000148   Section        0  __rtentry.o(.ARM.Collect$$rtentry$$00000000)
    .ARM.Collect$$rtentry$$00000002          0x00000148   Section        0  __rtentry2.o(.ARM.Collect$$rtentry$$00000002)
    .ARM.Collect$$rtentry$$00000004          0x00000148   Section        6  __rtentry4.o(.ARM.Collect$$rtentry$$00000004)
    .ARM.Collect$$rtentry$$00000009          0x0000014e   Section        0  __rtentry2.o(.ARM.Collect$$rtentry$$00000009)
    .ARM.Collect$$rtentry$$0000000A          0x0000014e   Section        4  __rtentry2.o(.ARM.Collect$$rtentry$$0000000A)
    .ARM.Collect$$rtentry$$0000000C          0x00000152   Section        0  __rtentry2.o(.ARM.Collect$$rtentry$$0000000C)
    .ARM.Collect$$rtentry$$0000000D          0x00000152   Section        8  __rtentry2.o(.ARM.Collect$$rtentry$$0000000D)
    .ARM.Collect$$rtexit$$00000000           0x0000015a   Section        2  rtexit.o(.ARM.Collect$$rtexit$$00000000)
    .ARM.Collect$$rtexit$$00000002           0x0000015c   Section        0  rtexit2.o(.ARM.Collect$$rtexit$$00000002)
    .ARM.Collect$$rtexit$$00000003           0x0000015c   Section        4  rtexit2.o(.ARM.Collect$$rtexit$$00000003)
    .ARM.Collect$$rtexit$$00000004           0x00000160   Section        6  rtexit2.o(.ARM.Collect$$rtexit$$00000004)
    .emb_text                                0x00000168   Section       56  rand.o(.emb_text)
    .text                                    0x000001a0   Section      100  startup_nuc100series.o(.text)
    Default_Handler                          0x000001cb   Thumb Code     2  startup_nuc100series.o(.text)
    .text                                    0x00000204   Section        0  rand.o(.text)
    .text                                    0x00000240   Section      364  aeabi_sdiv.o(.text)
    .text                                    0x000003ac   Section        0  heapauxi.o(.text)
    .text                                    0x000003b2   Section       62  sys_stackheap_outer.o(.text)
    .text                                    0x000003f0   Section        0  exit.o(.text)
    .text                                    0x00000400   Section        8  libspace.o(.text)
    .text                                    0x00000408   Section        0  sys_exit.o(.text)
    .text                                    0x00000414   Section        2  use_no_semi.o(.text)
    .text                                    0x00000416   Section        0  indicate_semi.o(.text)
    CLK_SysTickDelay                         0x00000419   Thumb Code    36  main.o(.text.CLK_SysTickDelay)
    [Anonymous Symbol]                       0x00000418   Section        0  main.o(.text.CLK_SysTickDelay)
    __arm_cp.11_0                            0x00000434   Number         4  main.o(.text.CLK_SysTickDelay)
    __arm_cp.11_1                            0x00000438   Number         4  main.o(.text.CLK_SysTickDelay)
    [Anonymous Symbol]                       0x0000043c   Section        0  gpio.o(.text.GPIO_SetMode)
    [Anonymous Symbol]                       0x00000468   Section        0  main.o(.text.KeyPadEnable)
    __arm_cp.5_0                             0x000004a4   Number         4  main.o(.text.KeyPadEnable)
    __arm_cp.5_1                             0x000004a8   Number         4  main.o(.text.KeyPadEnable)
    [Anonymous Symbol]                       0x000004ac   Section        0  main.o(.text.LCD_SetAddress)
    [Anonymous Symbol]                       0x000004cc   Section        0  main.o(.text.LCD_clear)
    [Anonymous Symbol]                       0x000004ec   Section        0  main.o(.text.LCD_command)
    [Anonymous Symbol]                       0x0000050c   Section        0  main.o(.text.LCD_data)
    [Anonymous Symbol]                       0x00000530   Section        0  main.o(.text.LCD_start)
    __arm_cp.0_0                             0x00000554   Number         4  main.o(.text.LCD_start)
    [Anonymous Symbol]                       0x00000558   Section        0  main.o(.text.SPI3_Config)
    __arm_cp.8_0                             0x000005d0   Number         4  main.o(.text.SPI3_Config)
    [Anonymous Symbol]                       0x000005d4   Section        0  system_nuc100series.o(.text.SystemInit)
    [Anonymous Symbol]                       0x000005d8   Section        0  main.o(.text.System_Config)
    __arm_cp.7_0                             0x00000660   Number         4  main.o(.text.System_Config)
    __arm_cp.7_1                             0x00000664   Number         4  main.o(.text.System_Config)
    __arm_cp.7_2                             0x00000668   Number         4  main.o(.text.System_Config)
    [Anonymous Symbol]                       0x0000066c   Section        0  lcd.o(.text.draw_Pixel)
    __arm_cp.12_0                            0x000006bc   Number         4  lcd.o(.text.draw_Pixel)
    [Anonymous Symbol]                       0x000006c0   Section        0  draw2d.o(.text.draw_Rectangle)
    [Anonymous Symbol]                       0x00000756   Section        0  draw2d.o(.text.fill_Rectangle)
    [Anonymous Symbol]                       0x000007ac   Section        0  main.o(.text.generate_food)
    [Anonymous Symbol]                       0x000007f0   Section        0  lcd.o(.text.lcdSetAddr)
    [Anonymous Symbol]                       0x0000085c   Section        0  lcd.o(.text.lcdWriteData)
    __arm_cp.2_0                             0x00000888   Number         4  lcd.o(.text.lcdWriteData)
    [Anonymous Symbol]                       0x0000088c   Section        0  main.o(.text.main)
    __arm_cp.12_0                            0x00000904   Number         4  main.o(.text.main)
    __arm_cp.12_1                            0x00000908   Number         4  main.o(.text.main)
    __arm_cp.12_2                            0x0000090c   Number         4  main.o(.text.main)
    [Anonymous Symbol]                       0x20000000   Section        0  system_nuc100series.o(.data..L_MergedGlobals)
    [Anonymous Symbol]                       0x2000002c   Section        0  main.o(.data..L_MergedGlobals)
    .bss                                     0x20000038   Section      228  rand.o(.bss)
    .bss                                     0x2000011c   Section       96  libspace.o(.bss)
    [Anonymous Symbol]                       0x2000017c   Section        0  main.o(.bss..L_MergedGlobals.1)
    Heap_Mem                                 0x200005b0   Data           0  startup_nuc100series.o(HEAP)
    Stack_Mem                                0x200005b0   Data        1024  startup_nuc100series.o(STACK)
    HEAP                                     0x200005b0   Section        0  startup_nuc100series.o(HEAP)
    STACK                                    0x200005b0   Section     1024  startup_nuc100series.o(STACK)
    __initial_sp                             0x200009b0   Data           0  startup_nuc100series.o(STACK)

    Global Symbols

    Symbol Name                              Value     Ov Type        Size  Object(Section)

    BuildAttributes$$THM_ISAv3M$S$PE$A:L22$X:L11$S22$IEEE1$IW$~IW$USESV6$~STKCKD$USESV7$~SHL$OSPACE$ROPI$EBA8$UX$STANDARDLIB$REQ8$PRES8$EABIv2 0x00000000   Number         0  anon$$obj.o ABSOLUTE
    __Vectors                                0x00000000   Data           4  startup_nuc100series.o(RESET)
    __ARM_exceptions_init                     - Undefined Weak Reference
    __alloca_initialize                       - Undefined Weak Reference
    __arm_preinit_                            - Undefined Weak Reference
    __cpp_initialize__aeabi_                  - Undefined Weak Reference
    __cxa_finalize                            - Undefined Weak Reference
    __rt_locale                               - Undefined Weak Reference
    __sigvec_lookup                           - Undefined Weak Reference
    _atexit_init                              - Undefined Weak Reference
    _call_atexit_fns                          - Undefined Weak Reference
    _clock_init                               - Undefined Weak Reference
    _fp_trap_init                             - Undefined Weak Reference
    _fp_trap_shutdown                         - Undefined Weak Reference
    _get_lc_collate                           - Undefined Weak Reference
    _get_lc_ctype                             - Undefined Weak Reference
    _get_lc_monetary                          - Undefined Weak Reference
    _get_lc_numeric                           - Undefined Weak Reference
    _get_lc_time                              - Undefined Weak Reference
    _getenv_init                              - Undefined Weak Reference
    _handle_redirection                       - Undefined Weak Reference
    _init_alloc                               - Undefined Weak Reference
    _init_user_alloc                          - Undefined Weak Reference
    _initio                                   - Undefined Weak Reference
    _signal_finish                            - Undefined Weak Reference
    _signal_init                              - Undefined Weak Reference
    _terminate_alloc                          - Undefined Weak Reference
    _terminate_user_alloc                     - Undefined Weak Reference
    _terminateio                              - Undefined Weak Reference
    __main                                   0x000000c1   Thumb Code     8  __main.o(!!!main)
    __scatterload                            0x000000c9   Thumb Code     0  __scatter.o(!!!scatter)
    __scatterload_rt2                        0x000000c9   Thumb Code    52  __scatter.o(!!!scatter)
    __scatterload_rt2_thumb_only             0x000000c9   Thumb Code     0  __scatter.o(!!!scatter)
    __scatterload_null                       0x000000d9   Thumb Code     0  __scatter.o(!!!scatter)
    __scatterload_copy                       0x00000105   Thumb Code    26  __scatter_copy.o(!!handler_copy)
    __scatterload_zeroinit                   0x00000121   Thumb Code    28  __scatter_zi.o(!!handler_zi)
    __rt_lib_init                            0x0000013d   Thumb Code     0  libinit.o(.ARM.Collect$$libinit$$00000000)
    __rt_lib_init_fp_1                       0x0000013f   Thumb Code     0  libinit2.o(.ARM.Collect$$libinit$$00000002)
    __rt_lib_init_heap_1                     0x0000013f   Thumb Code     0  libinit2.o(.ARM.Collect$$libinit$$0000000A)
    __rt_lib_init_preinit_1                  0x0000013f   Thumb Code     0  libinit2.o(.ARM.Collect$$libinit$$00000004)
    __rt_lib_init_rand_2                     0x0000013f   Thumb Code     0  libinit2.o(.ARM.Collect$$libinit$$0000000D)
    __rt_lib_init_user_alloc_1               0x0000013f   Thumb Code     0  libinit2.o(.ARM.Collect$$libinit$$0000000C)
    __rt_lib_init_alloca_1                   0x00000143   Thumb Code     0  libinit2.o(.ARM.Collect$$libinit$$0000002E)
    __rt_lib_init_argv_1                     0x00000143   Thumb Code     0  libinit2.o(.ARM.Collect$$libinit$$0000002C)
    __rt_lib_init_atexit_1                   0x00000143   Thumb Code     0  libinit2.o(.ARM.Collect$$libinit$$0000001B)
    __rt_lib_init_clock_1                    0x00000143   Thumb Code     0  libinit2.o(.ARM.Collect$$libinit$$00000021)
    __rt_lib_init_cpp_1                      0x00000143   Thumb Code     0  libinit2.o(.ARM.Collect$$libinit$$00000032)
    __rt_lib_init_exceptions_1               0x00000143   Thumb Code     0  libinit2.o(.ARM.Collect$$libinit$$00000030)
    __rt_lib_init_fp_trap_1                  0x00000143   Thumb Code     0  libinit2.o(.ARM.Collect$$libinit$$0000001F)
    __rt_lib_init_getenv_1                   0x00000143   Thumb Code     0  libinit2.o(.ARM.Collect$$libinit$$00000023)
    __rt_lib_init_lc_collate_1               0x00000143   Thumb Code     0  libinit2.o(.ARM.Collect$$libinit$$00000011)
    __rt_lib_init_lc_ctype_1                 0x00000143   Thumb Code     0  libinit2.o(.ARM.Collect$$libinit$$00000013)
    __rt_lib_init_lc_monetary_1              0x00000143   Thumb Code     0  libinit2.o(.ARM.Collect$$libinit$$00000015)
    __rt_lib_init_lc_numeric_1               0x00000143   Thumb Code     0  libinit2.o(.ARM.Collect$$libinit$$00000017)
    __rt_lib_init_lc_time_1                  0x00000143   Thumb Code     0  libinit2.o(.ARM.Collect$$libinit$$00000019)
    __rt_lib_init_rand_1                     0x00000143   Thumb Code     0  libinit2.o(.ARM.Collect$$libinit$$0000000E)
    __rt_lib_init_return                     0x00000143   Thumb Code     0  libinit2.o(.ARM.Collect$$libinit$$00000033)
    __rt_lib_init_signal_1                   0x00000143   Thumb Code     0  libinit2.o(.ARM.Collect$$libinit$$0000001D)
    __rt_lib_init_stdio_1                    0x00000143   Thumb Code     0  libinit2.o(.ARM.Collect$$libinit$$00000025)
    __rt_lib_shutdown                        0x00000145   Thumb Code     0  libshutdown.o(.ARM.Collect$$libshutdown$$00000000)
    __rt_lib_shutdown_cpp_1                  0x00000147   Thumb Code     0  libshutdown2.o(.ARM.Collect$$libshutdown$$00000002)
    __rt_lib_shutdown_fp_trap_1              0x00000147   Thumb Code     0  libshutdown2.o(.ARM.Collect$$libshutdown$$00000007)
    __rt_lib_shutdown_heap_1                 0x00000147   Thumb Code     0  libshutdown2.o(.ARM.Collect$$libshutdown$$0000000F)
    __rt_lib_shutdown_return                 0x00000147   Thumb Code     0  libshutdown2.o(.ARM.Collect$$libshutdown$$00000010)
    __rt_lib_shutdown_signal_1               0x00000147   Thumb Code     0  libshutdown2.o(.ARM.Collect$$libshutdown$$0000000A)
    __rt_lib_shutdown_stdio_1                0x00000147   Thumb Code     0  libshutdown2.o(.ARM.Collect$$libshutdown$$00000004)
    __rt_lib_shutdown_user_alloc_1           0x00000147   Thumb Code     0  libshutdown2.o(.ARM.Collect$$libshutdown$$0000000C)
    __rt_entry                               0x00000149   Thumb Code     0  __rtentry.o(.ARM.Collect$$rtentry$$00000000)
    __rt_entry_presh_1                       0x00000149   Thumb Code     0  __rtentry2.o(.ARM.Collect$$rtentry$$00000002)
    __rt_entry_sh                            0x00000149   Thumb Code     0  __rtentry4.o(.ARM.Collect$$rtentry$$00000004)
    __rt_entry_li                            0x0000014f   Thumb Code     0  __rtentry2.o(.ARM.Collect$$rtentry$$0000000A)
    __rt_entry_postsh_1                      0x0000014f   Thumb Code     0  __rtentry2.o(.ARM.Collect$$rtentry$$00000009)
    __rt_entry_main                          0x00000153   Thumb Code     0  __rtentry2.o(.ARM.Collect$$rtentry$$0000000D)
    __rt_entry_postli_1                      0x00000153   Thumb Code     0  __rtentry2.o(.ARM.Collect$$rtentry$$0000000C)
    __rt_exit                                0x0000015b   Thumb Code     0  rtexit.o(.ARM.Collect$$rtexit$$00000000)
    __rt_exit_ls                             0x0000015d   Thumb Code     0  rtexit2.o(.ARM.Collect$$rtexit$$00000003)
    __rt_exit_prels_1                        0x0000015d   Thumb Code     0  rtexit2.o(.ARM.Collect$$rtexit$$00000002)
    __rt_exit_exit                           0x00000161   Thumb Code     0  rtexit2.o(.ARM.Collect$$rtexit$$00000004)
    rand                                     0x00000169   Thumb Code    52  rand.o(.emb_text)
    Reset_Handler                            0x000001a1   Thumb Code    32  startup_nuc100series.o(.text)
    NMI_Handler                              0x000001c1   Thumb Code     2  startup_nuc100series.o(.text)
    HardFault_Handler                        0x000001c3   Thumb Code     2  startup_nuc100series.o(.text)
    SVC_Handler                              0x000001c5   Thumb Code     2  startup_nuc100series.o(.text)
    PendSV_Handler                           0x000001c7   Thumb Code     2  startup_nuc100series.o(.text)
    SysTick_Handler                          0x000001c9   Thumb Code     2  startup_nuc100series.o(.text)
    ACMP_IRQHandler                          0x000001cb   Thumb Code     0  startup_nuc100series.o(.text)
    ADC_IRQHandler                           0x000001cb   Thumb Code     0  startup_nuc100series.o(.text)
    BOD_IRQHandler                           0x000001cb   Thumb Code     0  startup_nuc100series.o(.text)
    CAN0_IRQHandler                          0x000001cb   Thumb Code     0  startup_nuc100series.o(.text)
    CAN1_IRQHandler                          0x000001cb   Thumb Code     0  startup_nuc100series.o(.text)
    EINT0_IRQHandler                         0x000001cb   Thumb Code     0  startup_nuc100series.o(.text)
    EINT1_IRQHandler                         0x000001cb   Thumb Code     0  startup_nuc100series.o(.text)
    GPAB_IRQHandler                          0x000001cb   Thumb Code     0  startup_nuc100series.o(.text)
    GPCDEF_IRQHandler                        0x000001cb   Thumb Code     0  startup_nuc100series.o(.text)
    I2C0_IRQHandler                          0x000001cb   Thumb Code     0  startup_nuc100series.o(.text)
    I2C1_IRQHandler                          0x000001cb   Thumb Code     0  startup_nuc100series.o(.text)
    I2S_IRQHandler                           0x000001cb   Thumb Code     0  startup_nuc100series.o(.text)
    PDMA_IRQHandler                          0x000001cb   Thumb Code     0  startup_nuc100series.o(.text)
    PS2_IRQHandler                           0x000001cb   Thumb Code     0  startup_nuc100series.o(.text)
    PWM0_IRQHandler                          0x000001cb   Thumb Code     0  startup_nuc100series.o(.text)
    PWM1_IRQHandler                          0x000001cb   Thumb Code     0  startup_nuc100series.o(.text)
    PWRWU_IRQHandler                         0x000001cb   Thumb Code     0  startup_nuc100series.o(.text)
    RTC_IRQHandler                           0x000001cb   Thumb Code     0  startup_nuc100series.o(.text)
    SC012_IRQHandler                         0x000001cb   Thumb Code     0  startup_nuc100series.o(.text)
    SPI0_IRQHandler                          0x000001cb   Thumb Code     0  startup_nuc100series.o(.text)
    SPI1_IRQHandler                          0x000001cb   Thumb Code     0  startup_nuc100series.o(.text)
    SPI2_IRQHandler                          0x000001cb   Thumb Code     0  startup_nuc100series.o(.text)
    SPI3_IRQHandler                          0x000001cb   Thumb Code     0  startup_nuc100series.o(.text)
    TMR0_IRQHandler                          0x000001cb   Thumb Code     0  startup_nuc100series.o(.text)
    TMR1_IRQHandler                          0x000001cb   Thumb Code     0  startup_nuc100series.o(.text)
    TMR2_IRQHandler                          0x000001cb   Thumb Code     0  startup_nuc100series.o(.text)
    TMR3_IRQHandler                          0x000001cb   Thumb Code     0  startup_nuc100series.o(.text)
    UART02_IRQHandler                        0x000001cb   Thumb Code     0  startup_nuc100series.o(.text)
    UART1_IRQHandler                         0x000001cb   Thumb Code     0  startup_nuc100series.o(.text)
    USBD_IRQHandler                          0x000001cb   Thumb Code     0  startup_nuc100series.o(.text)
    WDT_IRQHandler                           0x000001cb   Thumb Code     0  startup_nuc100series.o(.text)
    __user_initial_stackheap                 0x000001cd   Thumb Code     0  startup_nuc100series.o(.text)
    srand                                    0x00000205   Thumb Code    44  rand.o(.text)
    _rand_init                               0x00000231   Thumb Code     4  rand.o(.text)
    __aeabi_uidiv                            0x00000241   Thumb Code     0  aeabi_sdiv.o(.text)
    __aeabi_uidivmod                         0x00000241   Thumb Code    20  aeabi_sdiv.o(.text)
    __aeabi_idiv                             0x00000255   Thumb Code     0  aeabi_sdiv.o(.text)
    __aeabi_idivmod                          0x00000255   Thumb Code   338  aeabi_sdiv.o(.text)
    __use_two_region_memory                  0x000003ad   Thumb Code     2  heapauxi.o(.text)
    __rt_heap_escrow$2region                 0x000003af   Thumb Code     2  heapauxi.o(.text)
    __rt_heap_expand$2region                 0x000003b1   Thumb Code     2  heapauxi.o(.text)
    __user_setup_stackheap                   0x000003b3   Thumb Code    62  sys_stackheap_outer.o(.text)
    exit                                     0x000003f1   Thumb Code    16  exit.o(.text)
    __user_libspace                          0x00000401   Thumb Code     8  libspace.o(.text)
    __user_perproc_libspace                  0x00000401   Thumb Code     0  libspace.o(.text)
    __user_perthread_libspace                0x00000401   Thumb Code     0  libspace.o(.text)
    _sys_exit                                0x00000409   Thumb Code     8  sys_exit.o(.text)
    __I$use$semihosting                      0x00000415   Thumb Code     0  use_no_semi.o(.text)
    __use_no_semihosting_swi                 0x00000415   Thumb Code     2  use_no_semi.o(.text)
    __semihosting_library_function           0x00000417   Thumb Code     0  indicate_semi.o(.text)
    GPIO_SetMode                             0x0000043d   Thumb Code    42  gpio.o(.text.GPIO_SetMode)
    KeyPadEnable                             0x00000469   Thumb Code    68  main.o(.text.KeyPadEnable)
    LCD_SetAddress                           0x000004ad   Thumb Code    32  main.o(.text.LCD_SetAddress)
    LCD_clear                                0x000004cd   Thumb Code    30  main.o(.text.LCD_clear)
    LCD_command                              0x000004ed   Thumb Code    32  main.o(.text.LCD_command)
    LCD_data                                 0x0000050d   Thumb Code    36  main.o(.text.LCD_data)
    LCD_start                                0x00000531   Thumb Code    40  main.o(.text.LCD_start)
    SPI3_Config                              0x00000559   Thumb Code   124  main.o(.text.SPI3_Config)
    SystemInit                               0x000005d5   Thumb Code     2  system_nuc100series.o(.text.SystemInit)
    System_Config                            0x000005d9   Thumb Code   148  main.o(.text.System_Config)
    draw_Pixel                               0x0000066d   Thumb Code    84  lcd.o(.text.draw_Pixel)
    draw_Rectangle                           0x000006c1   Thumb Code   150  draw2d.o(.text.draw_Rectangle)
    fill_Rectangle                           0x00000757   Thumb Code    86  draw2d.o(.text.fill_Rectangle)
    generate_food                            0x000007ad   Thumb Code    68  main.o(.text.generate_food)
    lcdSetAddr                               0x000007f1   Thumb Code   108  lcd.o(.text.lcdSetAddr)
    lcdWriteData                             0x0000085d   Thumb Code    48  lcd.o(.text.lcdWriteData)
    main                                     0x0000088d   Thumb Code   132  main.o(.text.main)
    Region$$Table$$Base                      0x00000910   Number         0  anon$$obj.o(Region$$Table)
    Region$$Table$$Limit                     0x00000930   Number         0  anon$$obj.o(Region$$Table)
    SystemCoreClock                          0x20000000   Data           4  system_nuc100series.o(.data..L_MergedGlobals)
    CyclesPerUs                              0x20000004   Data           4  system_nuc100series.o(.data..L_MergedGlobals)
    PllClock                                 0x20000008   Data           4  system_nuc100series.o(.data..L_MergedGlobals)
    gau32ClkSrcTbl                           0x2000000c   Data          32  system_nuc100series.o(.data..L_MergedGlobals)
    snake_step                               0x2000002c   Data           4  main.o(.data..L_MergedGlobals)
    snake_width                              0x20000030   Data           4  main.o(.data..L_MergedGlobals)
    _random_number_data                      0x20000038   Data         228  rand.o(.bss)
    __libspace_start                         0x2000011c   Data          96  libspace.o(.bss)
    __temporary_stack_top$libspace           0x2000017c   Data           0  libspace.o(.bss)
    game_state                               0x2000017c   Data           1  main.o(.bss..L_MergedGlobals.1)
    game_pad                                 0x20000180   Data           4  main.o(.bss..L_MergedGlobals.1)
    snake_head_x_coor                        0x20000184   Data           4  main.o(.bss..L_MergedGlobals.1)
    snake_head_y_coor                        0x20000188   Data           4  main.o(.bss..L_MergedGlobals.1)
    dx                                       0x2000018c   Data           4  main.o(.bss..L_MergedGlobals.1)
    dy                                       0x20000190   Data           4  main.o(.bss..L_MergedGlobals.1)
    food_x_coor                              0x20000194   Data           4  main.o(.bss..L_MergedGlobals.1)
    food_y_coor                              0x20000198   Data           4  main.o(.bss..L_MergedGlobals.1)
    hit                                      0x2000019c   Data           4  main.o(.bss..L_MergedGlobals.1)
    x_reset                                  0x200001a0   Data           4  main.o(.bss..L_MergedGlobals.1)
    y_reset                                  0x200001a4   Data           4  main.o(.bss..L_MergedGlobals.1)
    i                                        0x200001a8   Data           4  main.o(.bss..L_MergedGlobals.1)
    DisplayBuffer                            0x200001ac   Data        1024  lcd.o(.bss.DisplayBuffer)



==============================================================================

Memory Map of the image

  Image Entry point : 0x000001a1

  Load Region LR_1 (Base: 0x00000000, Size: 0x00000964, Max: 0xffffffff, ABSOLUTE)

    Execution Region ER_RO (Exec base: 0x00000000, Load base: 0x00000000, Size: 0x00000930, Max: 0xffffffff, ABSOLUTE)

    Exec Addr    Load Addr    Size         Type   Attr      Idx    E Section Name        Object

    0x00000000   0x00000000   0x000000c0   Data   RO           16    RESET               startup_nuc100series.o
    0x000000c0   0x000000c0   0x00000008   Code   RO          307  * !!!main             c_p.l(__main.o)
    0x000000c8   0x000000c8   0x0000003c   Code   RO          482    !!!scatter          c_p.l(__scatter.o)
    0x00000104   0x00000104   0x0000001a   Code   RO          484    !!handler_copy      c_p.l(__scatter_copy.o)
    0x0000011e   0x0000011e   0x00000002   PAD
    0x00000120   0x00000120   0x0000001c   Code   RO          486    !!handler_zi        c_p.l(__scatter_zi.o)
    0x0000013c   0x0000013c   0x00000002   Code   RO          398    .ARM.Collect$$libinit$$00000000  c_p.l(libinit.o)
    0x0000013e   0x0000013e   0x00000000   Code   RO          315    .ARM.Collect$$libinit$$00000002  c_p.l(libinit2.o)
    0x0000013e   0x0000013e   0x00000000   Code   RO          317    .ARM.Collect$$libinit$$00000004  c_p.l(libinit2.o)
    0x0000013e   0x0000013e   0x00000000   Code   RO          320    .ARM.Collect$$libinit$$0000000A  c_p.l(libinit2.o)
    0x0000013e   0x0000013e   0x00000000   Code   RO          322    .ARM.Collect$$libinit$$0000000C  c_p.l(libinit2.o)
    0x0000013e   0x0000013e   0x00000004   Code   RO          323    .ARM.Collect$$libinit$$0000000D  c_p.l(libinit2.o)
    0x00000142   0x00000142   0x00000000   Code   RO          324    .ARM.Collect$$libinit$$0000000E  c_p.l(libinit2.o)
    0x00000142   0x00000142   0x00000000   Code   RO          327    .ARM.Collect$$libinit$$00000011  c_p.l(libinit2.o)
    0x00000142   0x00000142   0x00000000   Code   RO          329    .ARM.Collect$$libinit$$00000013  c_p.l(libinit2.o)
    0x00000142   0x00000142   0x00000000   Code   RO          331    .ARM.Collect$$libinit$$00000015  c_p.l(libinit2.o)
    0x00000142   0x00000142   0x00000000   Code   RO          333    .ARM.Collect$$libinit$$00000017  c_p.l(libinit2.o)
    0x00000142   0x00000142   0x00000000   Code   RO          335    .ARM.Collect$$libinit$$00000019  c_p.l(libinit2.o)
    0x00000142   0x00000142   0x00000000   Code   RO          337    .ARM.Collect$$libinit$$0000001B  c_p.l(libinit2.o)
    0x00000142   0x00000142   0x00000000   Code   RO          339    .ARM.Collect$$libinit$$0000001D  c_p.l(libinit2.o)
    0x00000142   0x00000142   0x00000000   Code   RO          341    .ARM.Collect$$libinit$$0000001F  c_p.l(libinit2.o)
    0x00000142   0x00000142   0x00000000   Code   RO          343    .ARM.Collect$$libinit$$00000021  c_p.l(libinit2.o)
    0x00000142   0x00000142   0x00000000   Code   RO          345    .ARM.Collect$$libinit$$00000023  c_p.l(libinit2.o)
    0x00000142   0x00000142   0x00000000   Code   RO          347    .ARM.Collect$$libinit$$00000025  c_p.l(libinit2.o)
    0x00000142   0x00000142   0x00000000   Code   RO          351    .ARM.Collect$$libinit$$0000002C  c_p.l(libinit2.o)
    0x00000142   0x00000142   0x00000000   Code   RO          353    .ARM.Collect$$libinit$$0000002E  c_p.l(libinit2.o)
    0x00000142   0x00000142   0x00000000   Code   RO          355    .ARM.Collect$$libinit$$00000030  c_p.l(libinit2.o)
    0x00000142   0x00000142   0x00000000   Code   RO          357    .ARM.Collect$$libinit$$00000032  c_p.l(libinit2.o)
    0x00000142   0x00000142   0x00000002   Code   RO          358    .ARM.Collect$$libinit$$00000033  c_p.l(libinit2.o)
    0x00000144   0x00000144   0x00000002   Code   RO          449    .ARM.Collect$$libshutdown$$00000000  c_p.l(libshutdown.o)
    0x00000146   0x00000146   0x00000000   Code   RO          465    .ARM.Collect$$libshutdown$$00000002  c_p.l(libshutdown2.o)
    0x00000146   0x00000146   0x00000000   Code   RO          467    .ARM.Collect$$libshutdown$$00000004  c_p.l(libshutdown2.o)
    0x00000146   0x00000146   0x00000000   Code   RO          470    .ARM.Collect$$libshutdown$$00000007  c_p.l(libshutdown2.o)
    0x00000146   0x00000146   0x00000000   Code   RO          473    .ARM.Collect$$libshutdown$$0000000A  c_p.l(libshutdown2.o)
    0x00000146   0x00000146   0x00000000   Code   RO          475    .ARM.Collect$$libshutdown$$0000000C  c_p.l(libshutdown2.o)
    0x00000146   0x00000146   0x00000000   Code   RO          478    .ARM.Collect$$libshutdown$$0000000F  c_p.l(libshutdown2.o)
    0x00000146   0x00000146   0x00000002   Code   RO          479    .ARM.Collect$$libshutdown$$00000010  c_p.l(libshutdown2.o)
    0x00000148   0x00000148   0x00000000   Code   RO          309    .ARM.Collect$$rtentry$$00000000  c_p.l(__rtentry.o)
    0x00000148   0x00000148   0x00000000   Code   RO          360    .ARM.Collect$$rtentry$$00000002  c_p.l(__rtentry2.o)
    0x00000148   0x00000148   0x00000006   Code   RO          372    .ARM.Collect$$rtentry$$00000004  c_p.l(__rtentry4.o)
    0x0000014e   0x0000014e   0x00000000   Code   RO          362    .ARM.Collect$$rtentry$$00000009  c_p.l(__rtentry2.o)
    0x0000014e   0x0000014e   0x00000004   Code   RO          363    .ARM.Collect$$rtentry$$0000000A  c_p.l(__rtentry2.o)
    0x00000152   0x00000152   0x00000000   Code   RO          365    .ARM.Collect$$rtentry$$0000000C  c_p.l(__rtentry2.o)
    0x00000152   0x00000152   0x00000008   Code   RO          366    .ARM.Collect$$rtentry$$0000000D  c_p.l(__rtentry2.o)
    0x0000015a   0x0000015a   0x00000002   Code   RO          407    .ARM.Collect$$rtexit$$00000000  c_p.l(rtexit.o)
    0x0000015c   0x0000015c   0x00000000   Code   RO          429    .ARM.Collect$$rtexit$$00000002  c_p.l(rtexit2.o)
    0x0000015c   0x0000015c   0x00000004   Code   RO          430    .ARM.Collect$$rtexit$$00000003  c_p.l(rtexit2.o)
    0x00000160   0x00000160   0x00000006   Code   RO          431    .ARM.Collect$$rtexit$$00000004  c_p.l(rtexit2.o)
    0x00000166   0x00000166   0x00000002   PAD
    0x00000168   0x00000168   0x00000038   Code   RO          294    .emb_text           c_p.l(rand.o)
    0x000001a0   0x000001a0   0x00000064   Code   RO           17  * .text               startup_nuc100series.o
    0x00000204   0x00000204   0x0000003c   Code   RO          295    .text               c_p.l(rand.o)
    0x00000240   0x00000240   0x0000016c   Code   RO          301    .text               c_p.l(aeabi_sdiv.o)
    0x000003ac   0x000003ac   0x00000006   Code   RO          305    .text               c_p.l(heapauxi.o)
    0x000003b2   0x000003b2   0x0000003e   Code   RO          380    .text               c_p.l(sys_stackheap_outer.o)
    0x000003f0   0x000003f0   0x00000010   Code   RO          383    .text               c_p.l(exit.o)
    0x00000400   0x00000400   0x00000008   Code   RO          403    .text               c_p.l(libspace.o)
    0x00000408   0x00000408   0x0000000c   Code   RO          421    .text               c_p.l(sys_exit.o)
    0x00000414   0x00000414   0x00000002   Code   RO          425    .text               c_p.l(use_no_semi.o)
    0x00000416   0x00000416   0x00000000   Code   RO          427    .text               c_p.l(indicate_semi.o)
    0x00000416   0x00000416   0x00000002   PAD
    0x00000418   0x00000418   0x00000024   Code   RO          272    .text.CLK_SysTickDelay  main.o
    0x0000043c   0x0000043c   0x0000002a   Code   RO           32    .text.GPIO_SetMode  gpio.o
    0x00000466   0x00000466   0x00000002   PAD
    0x00000468   0x00000468   0x00000044   Code   RO          260    .text.KeyPadEnable  main.o
    0x000004ac   0x000004ac   0x00000020   Code   RO          258    .text.LCD_SetAddress  main.o
    0x000004cc   0x000004cc   0x0000001e   Code   RO          256    .text.LCD_clear     main.o
    0x000004ea   0x000004ea   0x00000002   PAD
    0x000004ec   0x000004ec   0x00000020   Code   RO          252    .text.LCD_command   main.o
    0x0000050c   0x0000050c   0x00000024   Code   RO          254    .text.LCD_data      main.o
    0x00000530   0x00000530   0x00000028   Code   RO          250    .text.LCD_start     main.o
    0x00000558   0x00000558   0x0000007c   Code   RO          266    .text.SPI3_Config   main.o
    0x000005d4   0x000005d4   0x00000002   Code   RO            4    .text.SystemInit    system_nuc100series.o
    0x000005d6   0x000005d6   0x00000002   PAD
    0x000005d8   0x000005d8   0x00000094   Code   RO          264    .text.System_Config  main.o
    0x0000066c   0x0000066c   0x00000054   Code   RO          187    .text.draw_Pixel    lcd.o
    0x000006c0   0x000006c0   0x00000096   Code   RO          236    .text.draw_Rectangle  draw2d.o
    0x00000756   0x00000756   0x00000056   Code   RO          238    .text.fill_Rectangle  draw2d.o
    0x000007ac   0x000007ac   0x00000044   Code   RO          268    .text.generate_food  main.o
    0x000007f0   0x000007f0   0x0000006c   Code   RO          169    .text.lcdSetAddr    lcd.o
    0x0000085c   0x0000085c   0x00000030   Code   RO          167    .text.lcdWriteData  lcd.o
    0x0000088c   0x0000088c   0x00000084   Code   RO          274    .text.main          main.o
    0x00000910   0x00000910   0x00000020   Data   RO          481    Region$$Table       anon$$obj.o


    Execution Region ER_RW (Exec base: 0x20000000, Load base: 0x00000930, Size: 0x00000034, Max: 0xffffffff, ABSOLUTE)

    Exec Addr    Load Addr    Size         Type   Attr      Idx    E Section Name        Object

    0x20000000   0x00000930   0x0000002c   Data   RW            6    .data..L_MergedGlobals  system_nuc100series.o
    0x2000002c   0x0000095c   0x00000008   Data   RW          283    .data..L_MergedGlobals  main.o


    Execution Region ER_ZI (Exec base: 0x20000038, Load base: 0x00000964, Size: 0x00000978, Max: 0xffffffff, ABSOLUTE)

    Exec Addr    Load Addr    Size         Type   Attr      Idx    E Section Name        Object

    0x20000038        -       0x000000e4   Zero   RW          296    .bss                c_p.l(rand.o)
    0x2000011c        -       0x00000060   Zero   RW          404    .bss                c_p.l(libspace.o)
    0x2000017c        -       0x00000030   Zero   RW          284    .bss..L_MergedGlobals.1  main.o
    0x200001ac        -       0x00000400   Zero   RW          222    .bss.DisplayBuffer  lcd.o
    0x200005ac   0x00000964   0x00000004   PAD
    0x200005b0        -       0x00000000   Zero   RW           15    HEAP                startup_nuc100series.o
    0x200005b0        -       0x00000400   Zero   RW           14    STACK               startup_nuc100series.o


==============================================================================

Image component sizes


      Code (inc. data)   RO Data    RW Data    ZI Data      Debug   Object Name

       236          0          0          0          0       3970   draw2d.o
        42          0          0          0          0       1492   gpio.o
       240          8          0          0       1024      16449   lcd.o
       746         48          0          8         48       5839   main.o
       100         46        192          0       1024        736   startup_nuc100series.o
         2          0          0         44          0       2208   system_nuc100series.o

    ----------------------------------------------------------------------
      1372        102        224         52       2100      30694   Object Totals
         0          0         32          0          0          0   (incl. Generated)
         6          0          0          0          4          0   (incl. Padding)

    ----------------------------------------------------------------------

      Code (inc. data)   RO Data    RW Data    ZI Data      Debug   Library Member Name

         8          0          0          0          0         68   __main.o
         0          0          0          0          0          0   __rtentry.o
        12          0          0          0          0          0   __rtentry2.o
         6          0          0          0          0          0   __rtentry4.o
        60          8          0          0          0          0   __scatter.o
        26          0          0          0          0          0   __scatter_copy.o
        28          0          0          0          0          0   __scatter_zi.o
       364          4          0          0          0         92   aeabi_sdiv.o
        16          0          0          0          0         68   exit.o
         6          0          0          0          0        136   heapauxi.o
         0          0          0          0          0          0   indicate_semi.o
         2          0          0          0          0          0   libinit.o
         6          0          0          0          0          0   libinit2.o
         2          0          0          0          0          0   libshutdown.o
         2          0          0          0          0          0   libshutdown2.o
         8          4          0          0         96         68   libspace.o
       116         16          0          0        228        156   rand.o
         2          0          0          0          0          0   rtexit.o
        10          0          0          0          0          0   rtexit2.o
        12          4          0          0          0         60   sys_exit.o
        62          0          0          0          0         80   sys_stackheap_outer.o
         2          0          0          0          0         68   use_no_semi.o

    ----------------------------------------------------------------------
       756         36          0          0        324        796   Library Totals
         6          0          0          0          0          0   (incl. Padding)

    ----------------------------------------------------------------------

      Code (inc. data)   RO Data    RW Data    ZI Data      Debug   Library Name

       750         36          0          0        324        796   c_p.l

    ----------------------------------------------------------------------
       756         36          0          0        324        796   Library Totals

    ----------------------------------------------------------------------

==============================================================================


      Code (inc. data)   RO Data    RW Data    ZI Data      Debug   

      2128        138        224         52       2424      31186   Grand Totals
      2128        138        224         52       2424      31186   ELF Image Totals
      2128        138        224         52          0          0   ROM Totals

==============================================================================

    Total RO  Size (Code + RO Data)                 2352 (   2.30kB)
    Total RW  Size (RW Data + ZI Data)              2476 (   2.42kB)
    Total ROM Size (Code + RO Data + RW Data)       2404 (   2.35kB)

==============================================================================

